Archive member included to satisfy reference by file (symbol)

C:/ST/STM32CubeIDE_1.19.0/STM32CubeIDE/plugins/com.st.stm32cube.ide.mcu.externaltools.gnu-tools-for-stm32.13.3.rel1.win32_1.0.0.202411081344/tools/bin/../lib/gcc/arm-none-eabi/13.3.1/../../../../arm-none-eabi/lib/thumb/v7e-m+dp/hard\libc_nano.a(libc_a-exit.o)
                              C:/ST/STM32CubeIDE_1.19.0/STM32CubeIDE/plugins/com.st.stm32cube.ide.mcu.externaltools.gnu-tools-for-stm32.13.3.rel1.win32_1.0.0.202411081344/tools/bin/../lib/gcc/arm-none-eabi/13.3.1/../../../../arm-none-eabi/lib/thumb/v7e-m+dp/hard/crt0.o (exit)
C:/ST/STM32CubeIDE_1.19.0/STM32CubeIDE/plugins/com.st.stm32cube.ide.mcu.externaltools.gnu-tools-for-stm32.13.3.rel1.win32_1.0.0.202411081344/tools/bin/../lib/gcc/arm-none-eabi/13.3.1/../../../../arm-none-eabi/lib/thumb/v7e-m+dp/hard\libc_nano.a(libc_a-findfp.o)
                              C:/ST/STM32CubeIDE_1.19.0/STM32CubeIDE/plugins/com.st.stm32cube.ide.mcu.externaltools.gnu-tools-for-stm32.13.3.rel1.win32_1.0.0.202411081344/tools/bin/../lib/gcc/arm-none-eabi/13.3.1/../../../../arm-none-eabi/lib/thumb/v7e-m+dp/hard\libc_nano.a(libc_a-exit.o) (__stdio_exit_handler)
C:/ST/STM32CubeIDE_1.19.0/STM32CubeIDE/plugins/com.st.stm32cube.ide.mcu.externaltools.gnu-tools-for-stm32.13.3.rel1.win32_1.0.0.202411081344/tools/bin/../lib/gcc/arm-none-eabi/13.3.1/../../../../arm-none-eabi/lib/thumb/v7e-m+dp/hard\libc_nano.a(libc_a-fwalk.o)
                              C:/ST/STM32CubeIDE_1.19.0/STM32CubeIDE/plugins/com.st.stm32cube.ide.mcu.externaltools.gnu-tools-for-stm32.13.3.rel1.win32_1.0.0.202411081344/tools/bin/../lib/gcc/arm-none-eabi/13.3.1/../../../../arm-none-eabi/lib/thumb/v7e-m+dp/hard\libc_nano.a(libc_a-findfp.o) (_fwalk_sglue)
C:/ST/STM32CubeIDE_1.19.0/STM32CubeIDE/plugins/com.st.stm32cube.ide.mcu.externaltools.gnu-tools-for-stm32.13.3.rel1.win32_1.0.0.202411081344/tools/bin/../lib/gcc/arm-none-eabi/13.3.1/../../../../arm-none-eabi/lib/thumb/v7e-m+dp/hard\libc_nano.a(libc_a-snprintf.o)
                              ./Core/Src/main.o (snprintf)
C:/ST/STM32CubeIDE_1.19.0/STM32CubeIDE/plugins/com.st.stm32cube.ide.mcu.externaltools.gnu-tools-for-stm32.13.3.rel1.win32_1.0.0.202411081344/tools/bin/../lib/gcc/arm-none-eabi/13.3.1/../../../../arm-none-eabi/lib/thumb/v7e-m+dp/hard\libc_nano.a(libc_a-stdio.o)
                              C:/ST/STM32CubeIDE_1.19.0/STM32CubeIDE/plugins/com.st.stm32cube.ide.mcu.externaltools.gnu-tools-for-stm32.13.3.rel1.win32_1.0.0.202411081344/tools/bin/../lib/gcc/arm-none-eabi/13.3.1/../../../../arm-none-eabi/lib/thumb/v7e-m+dp/hard\libc_nano.a(libc_a-findfp.o) (__sread)
C:/ST/STM32CubeIDE_1.19.0/STM32CubeIDE/plugins/com.st.stm32cube.ide.mcu.externaltools.gnu-tools-for-stm32.13.3.rel1.win32_1.0.0.202411081344/tools/bin/../lib/gcc/arm-none-eabi/13.3.1/../../../../arm-none-eabi/lib/thumb/v7e-m+dp/hard\libc_nano.a(libc_a-memset.o)
                              C:/ST/STM32CubeIDE_1.19.0/STM32CubeIDE/plugins/com.st.stm32cube.ide.mcu.externaltools.gnu-tools-for-stm32.13.3.rel1.win32_1.0.0.202411081344/tools/bin/../lib/gcc/arm-none-eabi/13.3.1/../../../../arm-none-eabi/lib/thumb/v7e-m+dp/hard/crt0.o (memset)
C:/ST/STM32CubeIDE_1.19.0/STM32CubeIDE/plugins/com.st.stm32cube.ide.mcu.externaltools.gnu-tools-for-stm32.13.3.rel1.win32_1.0.0.202411081344/tools/bin/../lib/gcc/arm-none-eabi/13.3.1/../../../../arm-none-eabi/lib/thumb/v7e-m+dp/hard\libc_nano.a(libc_a-closer.o)
                              C:/ST/STM32CubeIDE_1.19.0/STM32CubeIDE/plugins/com.st.stm32cube.ide.mcu.externaltools.gnu-tools-for-stm32.13.3.rel1.win32_1.0.0.202411081344/tools/bin/../lib/gcc/arm-none-eabi/13.3.1/../../../../arm-none-eabi/lib/thumb/v7e-m+dp/hard\libc_nano.a(libc_a-stdio.o) (_close_r)
C:/ST/STM32CubeIDE_1.19.0/STM32CubeIDE/plugins/com.st.stm32cube.ide.mcu.externaltools.gnu-tools-for-stm32.13.3.rel1.win32_1.0.0.202411081344/tools/bin/../lib/gcc/arm-none-eabi/13.3.1/../../../../arm-none-eabi/lib/thumb/v7e-m+dp/hard\libc_nano.a(libc_a-reent.o)
                              C:/ST/STM32CubeIDE_1.19.0/STM32CubeIDE/plugins/com.st.stm32cube.ide.mcu.externaltools.gnu-tools-for-stm32.13.3.rel1.win32_1.0.0.202411081344/tools/bin/../lib/gcc/arm-none-eabi/13.3.1/../../../../arm-none-eabi/lib/thumb/v7e-m+dp/hard\libc_nano.a(libc_a-closer.o) (errno)
C:/ST/STM32CubeIDE_1.19.0/STM32CubeIDE/plugins/com.st.stm32cube.ide.mcu.externaltools.gnu-tools-for-stm32.13.3.rel1.win32_1.0.0.202411081344/tools/bin/../lib/gcc/arm-none-eabi/13.3.1/../../../../arm-none-eabi/lib/thumb/v7e-m+dp/hard\libc_nano.a(libc_a-impure.o)
                              C:/ST/STM32CubeIDE_1.19.0/STM32CubeIDE/plugins/com.st.stm32cube.ide.mcu.externaltools.gnu-tools-for-stm32.13.3.rel1.win32_1.0.0.202411081344/tools/bin/../lib/gcc/arm-none-eabi/13.3.1/../../../../arm-none-eabi/lib/thumb/v7e-m+dp/hard\libc_nano.a(libc_a-snprintf.o) (_impure_ptr)
[...]
Memory Configuration

Name             Origin             Length             Attributes
RAM              0x20000000         0x00080000         xrw
FLASH            0x08000000         0x00200000         xr
*default*        0x00000000         0xffffffff

Linker script and memory map

LOAD C:/ST/STM32CubeIDE_1.19.0/STM32CubeIDE/plugins/com.st.stm32cube.ide.mcu.externaltools.gnu-tools-for-stm32.13.3.rel1.win32_1.0.0.202411081344/tools/bin/../lib/gcc/arm-none-eabi/13.3.1/thumb/v7e-m+dp/hard/crti.o
LOAD C:/ST/STM32CubeIDE_1.19.0/STM32CubeIDE/plugins/com.st.stm32cube.ide.mcu.externaltools.gnu-tools-for-stm32.13.3.rel1.win32_1.0.0.202411081344/tools/bin/../lib/gcc/arm-none-eabi/13.3.1/thumb/v7e-m+dp/hard/crtbegin.o
LOAD C:/ST/STM32CubeIDE_1.19.0/STM32CubeIDE/plugins/com.st.stm32cube.ide.mcu.externaltools.gnu-tools-for-stm32.13.3.rel1.win32_1.0.0.202411081344/tools/bin/../lib/gcc/arm-none-eabi/13.3.1/../../../../arm-none-eabi/lib/thumb/v7e-m+dp/hard/crt0.o
LOAD ./Core/Src/main.o
LOAD ./Core/Src/stm32f7xx_hal_msp.o
LOAD ./Core/Src/stm32f7xx_it.o
LOAD ./Core/Src/syscalls.o
LOAD ./Core/Src/sysmem.o
LOAD ./Core/Src/system_stm32f7xx.o
LOAD ./Core/Startup/startup_stm32f767zitx.o
LOAD ./Drivers/STM32F7xx_HAL_Driver/Src/stm32f7xx_hal.o
LOAD ./Drivers/STM32F7xx_HAL_Driver/Src/stm32f7xx_hal_cortex.o
LOAD ./Drivers/STM32F7xx_HAL_Driver/Src/stm32f7xx_hal_dma.o
LOAD ./Drivers/STM32F7xx_HAL_Driver/Src/stm32f7xx_hal_dma_ex.o
LOAD ./Drivers/STM32F7xx_HAL_Driver/Src/stm32f7xx_hal_eth.o
LOAD ./Drivers/STM32F7xx_HAL_Driver/Src/stm32f7xx_hal_exti.o
LOAD ./Drivers/STM32F7xx_HAL_Driver/Src/stm32f7xx_hal_flash.o
LOAD ./Drivers/STM32F7xx_HAL_Driver/Src/stm32f7xx_hal_flash_ex.o
LOAD ./Drivers/STM32F7xx_HAL_Driver/Src/stm32f7xx_hal_gpio.o
LOAD ./Drivers/STM32F7xx_HAL_Driver/Src/stm32f7xx_hal_i2c.o
LOAD ./Drivers/STM32F7xx_HAL_Driver/Src/stm32f7xx_hal_i2c_ex.o
LOAD ./Drivers/STM32F7xx_HAL_Driver/Src/stm32f7xx_hal_pcd.o
LOAD ./Drivers/STM32F7xx_HAL_Driver/Src/stm32f7xx_hal_pcd_ex.o
LOAD ./Drivers/STM32F7xx_HAL_Driver/Src/stm32f7xx_hal_pwr.o
LOAD ./Drivers/STM32F7xx_HAL_Driver/Src/stm32f7xx_hal_pwr_ex.o
LOAD ./Drivers/STM32F7xx_HAL_Driver/Src/stm32f7xx_hal_rcc.o
LOAD ./Drivers/STM32F7xx_HAL_Driver/Src/stm32f7xx_hal_rcc_ex.o
LOAD ./Drivers/STM32F7xx_HAL_Driver/Src/stm32f7xx_hal_uart.o
LOAD ./Drivers/STM32F7xx_HAL_Driver/Src/stm32f7xx_hal_uart_ex.o
LOAD ./Drivers/STM32F7xx_HAL_Driver/Src/stm32f7xx_ll_usb.o
START GROUP
LOAD C:/ST/STM32CubeIDE_1.19.0/STM32CubeIDE/plugins/com.st.stm32cube.ide.mcu.externaltools.gnu-tools-for-stm32.13.3.rel1.win32_1.0.0.202411081344/tools/bin/../lib/gcc/arm-none-eabi/13.3.1/../../../../arm-none-eabi/lib/thumb/v7e-m+dp/hard\libc_nano.a
LOAD C:/ST/STM32CubeIDE_1.19.0/STM32CubeIDE/plugins/com.st.stm32cube.ide.mcu.externaltools.gnu-tools-for-stm32.13.3.rel1.win32_1.0.0.202411081344/tools/bin/../lib/gcc/arm-none-eabi/13.3.1/../../../../arm-none-eabi/lib/thumb/v7e-m+dp/hard\libm.a
END GROUP
START GROUP
LOAD C:/ST/STM32CubeIDE_1.19.0/STM32CubeIDE/plugins/com.st.stm32cube.ide.mcu.externaltools.gnu-tools-for-stm32.13.3.rel1.win32_1.0.0.202411081344/tools/bin/../lib/gcc/arm-none-eabi/13.3.1/thumb/v7e-m+dp/hard\libgcc.a
LOAD C:/ST/STM32CubeIDE_1.19.0/STM32CubeIDE/plugins/com.st.stm32cube.ide.mcu.externaltools.gnu-tools-for-stm32.13.3.rel1.win32_1.0.0.202411081344/tools/bin/../lib/gcc/arm-none-eabi/13.3.1/../../../../arm-none-eabi/lib/thumb/v7e-m+dp/hard\libc_nano.a
END GROUP
START GROUP
LOAD C:/ST/STM32CubeIDE_1.19.0/STM32CubeIDE/plugins/com.st.stm32cube.ide.mcu.externaltools.gnu-tools-for-stm32.13.3.rel1.win32_1.0.0.202411081344/tools/bin/../lib/gcc/arm-none-eabi/13.3.1/thumb/v7e-m+dp/hard\libgcc.a
LOAD C:/ST/STM32CubeIDE_1.19.0/STM32CubeIDE/plugins/com.st.stm32cube.ide.mcu.externaltools.gnu-tools-for-stm32.13.3.rel1.win32_1.0.0.202411081344/tools/bin/../lib/gcc/arm-none-eabi/13.3.1/../../../../arm-none-eabi/lib/thumb/v7e-m+dp/hard\libc_nano.a
LOAD C:/ST/STM32CubeIDE_1.19.0/STM32CubeIDE/plugins/com.st.stm32cube.ide.mcu.externaltools.gnu-tools-for-stm32.13.3.rel1.win32_1.0.0.202411081344/tools/bin/../lib/gcc/arm-none-eabi/13.3.1/../../../../arm-none-eabi/lib/thumb/v7e-m+dp/hard\libnosys.a
END GROUP
START GROUP
LOAD C:/ST/STM32CubeIDE_1.19.0/STM32CubeIDE/plugins/com.st.stm32cube.ide.mcu.externaltools.gnu-tools-for-stm32.13.3.rel1.win32_1.0.0.202411081344/tools/bin/../lib/gcc/arm-none-eabi/13.3.1/thumb/v7e-m+dp/hard\libgcc.a
LOAD C:/ST/STM32CubeIDE_1.19.0/STM32CubeIDE/plugins/com.st.stm32cube.ide.mcu.externaltools.gnu-tools-for-stm32.13.3.rel1.win32_1.0.0.202411081344/tools/bin/../lib/gcc/arm-none-eabi/13.3.1/../../../../arm-none-eabi/lib/thumb/v7e-m+dp/hard\libc_nano.a
LOAD C:/ST/STM32CubeIDE_1.19.0/STM32CubeIDE/plugins/com.st.stm32cube.ide.mcu.externaltools.gnu-tools-for-stm32.13.3.rel1.win32_1.0.0.202411081344/tools/bin/../lib/gcc/arm-none-eabi/13.3.1/../../../../arm-none-eabi/lib/thumb/v7e-m+dp/hard\libnosys.a
END GROUP
LOAD C:/ST/STM32CubeIDE_1.19.0/STM32CubeIDE/plugins/com.st.stm32cube.ide.mcu.externaltools.gnu-tools-for-stm32.13.3.rel1.win32_1.0.0.202411081344/tools/bin/../lib/gcc/arm-none-eabi/13.3.1/thumb/v7e-m+dp/hard/crtend.o
LOAD C:/ST/STM32CubeIDE_1.19.0/STM32CubeIDE/plugins/com.st.stm32cube.ide.mcu.externaltools.gnu-tools-for-stm32.13.3.rel1.win32_1.0.0.202411081344/tools/bin/../lib/gcc/arm-none-eabi/13.3.1/thumb/v7e-m+dp/hard/crtn.o
                0x20080000                        _estack = (ORIGIN (RAM) + LENGTH (RAM))
                0x00000200                        _Min_Heap_Size = 0x200
                0x00000400                        _Min_Stack_Size = 0x400

.isr_vector     0x08000000      0x1f8
                0x08000000                        . = ALIGN (0x4)
 *(.isr_vector)
 .isr_vector    0x08000000      0x1f8 ./Core/Startup/startup_stm32f767zitx.o
                0x08000000                g_pfnVectors
                0x080001f8                        . = ALIGN (0x4)

.text           0x08000200     0x4fe8
                0x08000200                        . = ALIGN (0x4)
 *(.text)
 .text          0x08000200       0x40 C:/ST/STM32CubeIDE_1.19.0/STM32CubeIDE/plugins/com.st.stm32cube.ide.mcu.externaltools.gnu-tools-for-stm32.13.3.rel1.win32_1.0.0.202411081344/tools/bin/../lib/gcc/arm-none-eabi/13.3.1/thumb/v7e-m+dp/hard/crtbegin.o
 .text          0x08000240       0x10 C:/ST/STM32CubeIDE_1.19.0/STM32CubeIDE/plugins/com.st.stm32cube.ide.mcu.externaltools.gnu-tools-for-stm32.13.3.rel1.win32_1.0.0.202411081344/tools/bin/../lib/gcc/arm-none-eabi/13.3.1/../../../../arm-none-eabi/lib/thumb/v7e-m+dp/hard\libc_nano.a(libc_a-strlen.o)
                0x08000240                strlen
 .text          0x08000250       0xa0 C:/ST/STM32CubeIDE_1.19.0/STM32CubeIDE/plugins/com.st.stm32cube.ide.mcu.externaltools.gnu-tools-for-stm32.13.3.rel1.win32_1.0.0.202411081344/tools/bin/../lib/gcc/arm-none-eabi/13.3.1/../../../../arm-none-eabi/lib/thumb/v7e-m+dp/hard\libc_nano.a(libc_a-memchr.o)
                0x08000250                memchr
 .text          0x080002f0       0x30 C:/ST/STM32CubeIDE_1.19.0/STM32CubeIDE/plugins/com.st.stm32cube.ide.mcu.externaltools.gnu-tools-for-stm32.13.3.rel1.win32_1.0.0.202411081344/tools/bin/../lib/gcc/arm-none-eabi/13.3.1/thumb/v7e-m+dp/hard\libgcc.a(_aeabi_uldivmod.o)
                0x080002f0                __aeabi_uldivmod
 .text          0x08000320      0x2f8 C:/ST/STM32CubeIDE_1.19.0/STM32CubeIDE/plugins/com.st.stm32cube.ide.mcu.externaltools.gnu-tools-for-stm32.13.3.rel1.win32_1.0.0.202411081344/tools/bin/../lib/gcc/arm-none-eabi/13.3.1/thumb/v7e-m+dp/hard\libgcc.a(_udivmoddi4.o)
                0x08000320                __udivmoddi4
 .text          0x08000618        0x4 C:/ST/STM32CubeIDE_1.19.0/STM32CubeIDE/plugins/com.st.stm32cube.ide.mcu.externaltools.gnu-tools-for-stm32.13.3.rel1.win32_1.0.0.202411081344/tools/bin/../lib/gcc/arm-none-eabi/13.3.1/thumb/v7e-m+dp/hard\libgcc.a(_dvmd_tls.o)
                0x08000618                __aeabi_idiv0
                0x08000618                __aeabi_ldiv0
 *(.text*)
 .text.main     0x0800061c       0x80 ./Core/Src/main.o
                0x0800061c                main
 .text.SystemClock_Config
                0x0800069c       0xe4 ./Core/Src/main.o
                0x0800069c                SystemClock_Config
 .text.MX_ETH_Init
                0x08000780       0x9c ./Core/Src/main.o
 .text.MX_USART3_UART_Init
                0x0800081c       0x60 ./Core/Src/main.o
 .text.MX_USART6_UART_Init
                0x0800087c       0x60 ./Core/Src/main.o
 .text.MX_USB_OTG_FS_PCD_Init
                0x080008dc       0x5c ./Core/Src/main.o
 .text.MX_GPIO_Init
                0x08000938      0x144 ./Core/Src/main.o
 .text.Fingerprint_Announce
                0x08000a7c       0x2c ./Core/Src/main.o
 .text.Fingerprint_SendCommand
                0x08000aa8      0x1cc ./Core/Src/main.o
 .text.Fingerprint_VerifyPassword
                0x08000c74       0x4c ./Core/Src/main.o
 .text.Fingerprint_GetImage
                0x08000cc0       0x50 ./Core/Src/main.o
 .text.Fingerprint_Image2Tz
                0x08000d10       0x50 ./Core/Src/main.o
 .text.Fingerprint_Search
                0x08000d60       0x84 ./Core/Src/main.o
 .text.Fingerprint_CaptureAndSearch
                0x08000de4       0x3a ./Core/Src/main.o
 *fill*         0x08000e1e        0x2 
 .text.Fingerprint_ReportMatch
                0x08000e20       0x88 ./Core/Src/main.o
 .text.Fingerprint_HandleNoMatch
                0x08000ea8       0x2c ./Core/Src/main.o
 .text.Error_Handler
                0x08000ed4        0xc ./Core/Src/main.o
                0x08000ed4                Error_Handler
 .text.HAL_MspInit
                0x08000ee0       0x48 ./Core/Src/stm32f7xx_hal_msp.o
                0x08000ee0                HAL_MspInit
 .text.HAL_ETH_MspInit
                0x08000f28      0x170 ./Core/Src/stm32f7xx_hal_msp.o
                0x08000f28                HAL_ETH_MspInit
 .text.HAL_UART_MspInit
                0x08001098      0x14c ./Core/Src/stm32f7xx_hal_msp.o
                0x08001098                HAL_UART_MspInit
 .text.HAL_PCD_MspInit
                0x080011e4       0xf4 ./Core/Src/stm32f7xx_hal_msp.o
                0x080011e4                HAL_PCD_MspInit
 .text.NMI_Handler
                0x080012d8        0x8 ./Core/Src/stm32f7xx_it.o
                0x080012d8                NMI_Handler
 .text.HardFault_Handler
                0x080012e0        0x8 ./Core/Src/stm32f7xx_it.o
                0x080012e0                HardFault_Handler
 .text.MemManage_Handler
                0x080012e8        0x8 ./Core/Src/stm32f7xx_it.o
                0x080012e8                MemManage_Handler
 .text.BusFault_Handler
                0x080012f0        0x8 ./Core/Src/stm32f7xx_it.o
                0x080012f0                BusFault_Handler
 .text.UsageFault_Handler
                0x080012f8        0x8 ./Core/Src/stm32f7xx_it.o
                0x080012f8                UsageFault_Handler
 .text.SVC_Handler
                0x08001300        0xe ./Core/Src/stm32f7xx_it.o
                0x08001300                SVC_Handler
 .text.DebugMon_Handler
                0x0800130e        0xe ./Core/Src/stm32f7xx_it.o
                0x0800130e                DebugMon_Handler
 .text.PendSV_Handler
                0x0800131c        0xe ./Core/Src/stm32f7xx_it.o
                0x0800131c                PendSV_Handler
 .text.SysTick_Handler
                0x0800132a        0xc ./Core/Src/stm32f7xx_it.o
                0x0800132a                SysTick_Handler
 *fill*         0x08001336        0x2 
 .text._sbrk    0x08001338       0x6c ./Core/Src/sysmem.o
                0x08001338                _sbrk
 .text.SystemInit
                0x080013a4       0x24 ./Core/Src/system_stm32f7xx.o
                0x080013a4                SystemInit
 .text.Reset_Handler
                0x080013c8       0x50 ./Core/Startup/startup_stm32f767zitx.o
                0x080013c8                Reset_Handler
 .text.Default_Handler
                0x08001418        0x2 ./Core/Startup/startup_stm32f767zitx.o
                0x08001418                RTC_Alarm_IRQHandler
                0x08001418                EXTI2_IRQHandler
                0x08001418                TIM8_CC_IRQHandler
                0x08001418                UART8_IRQHandler
                0x08001418                SPI4_IRQHandler
                0x08001418                TIM1_CC_IRQHandler
                0x08001418                DMA2_Stream5_IRQHandler
                0x08001418                JPEG_IRQHandler
                0x08001418                DMA1_Stream5_IRQHandler
                0x08001418                CAN3_RX1_IRQHandler
                0x08001418                PVD_IRQHandler
                0x08001418                TAMP_STAMP_IRQHandler
                0x08001418                CAN2_RX1_IRQHandler
                0x08001418                EXTI3_IRQHandler
                0x08001418                TIM8_TRG_COM_TIM14_IRQHandler
                0x08001418                DFSDM1_FLT1_IRQHandler
                0x08001418                TIM1_UP_TIM10_IRQHandler
                0x08001418                TIM8_UP_TIM13_IRQHandler
                0x08001418                I2C3_ER_IRQHandler
                0x08001418                DFSDM1_FLT2_IRQHandler
                0x08001418                EXTI0_IRQHandler
                0x08001418                I2C2_EV_IRQHandler
                0x08001418                DMA1_Stream2_IRQHandler
                0x08001418                CAN1_RX0_IRQHandler
                0x08001418                FPU_IRQHandler
                0x08001418                OTG_HS_WKUP_IRQHandler
                0x08001418                CAN3_SCE_IRQHandler
                0x08001418                LTDC_ER_IRQHandler
                0x08001418                CAN2_SCE_IRQHandler
                0x08001418                DMA2_Stream2_IRQHandler
                0x08001418                SPI1_IRQHandler
                0x08001418                TIM6_DAC_IRQHandler
                0x08001418                TIM1_BRK_TIM9_IRQHandler
                0x08001418                DCMI_IRQHandler
                0x08001418                CAN2_RX0_IRQHandler
                0x08001418                DMA2_Stream3_IRQHandler
                0x08001418                SAI2_IRQHandler
                0x08001418                DFSDM1_FLT3_IRQHandler
                0x08001418                USART6_IRQHandler
                0x08001418                CAN3_RX0_IRQHandler
                0x08001418                USART3_IRQHandler
                0x08001418                CAN1_RX1_IRQHandler
                0x08001418                UART5_IRQHandler
                0x08001418                DMA2_Stream0_IRQHandler
                0x08001418                TIM4_IRQHandler
                0x08001418                QUADSPI_IRQHandler
                0x08001418                I2C1_EV_IRQHandler
                0x08001418                DMA1_Stream6_IRQHandler
                0x08001418                DMA1_Stream1_IRQHandler
                0x08001418                UART4_IRQHandler
                0x08001418                TIM3_IRQHandler
                0x08001418                RCC_IRQHandler
                0x08001418                TIM8_BRK_TIM12_IRQHandler
                0x08001418                Default_Handler
                0x08001418                CEC_IRQHandler
                0x08001418                EXTI15_10_IRQHandler
                0x08001418                ADC_IRQHandler
                0x08001418                DMA1_Stream7_IRQHandler
                0x08001418                SPI5_IRQHandler
                0x08001418                TIM7_IRQHandler
                0x08001418                SDMMC1_IRQHandler
                0x08001418                CAN2_TX_IRQHandler
                0x08001418                TIM5_IRQHandler
                0x08001418                DMA2_Stream7_IRQHandler
                0x08001418                I2C3_EV_IRQHandler
                0x08001418                EXTI9_5_IRQHandler
                0x08001418                RTC_WKUP_IRQHandler
                0x08001418                LTDC_IRQHandler
                0x08001418                ETH_WKUP_IRQHandler
                0x08001418                SPDIF_RX_IRQHandler
                0x08001418                SPI2_IRQHandler
                0x08001418                OTG_HS_EP1_IN_IRQHandler
                0x08001418                DMA1_Stream0_IRQHandler
                0x08001418                CAN1_TX_IRQHandler
                0x08001418                EXTI4_IRQHandler
                0x08001418                RNG_IRQHandler
                0x08001418                ETH_IRQHandler
                0x08001418                OTG_HS_EP1_OUT_IRQHandler
                0x08001418                WWDG_IRQHandler
                0x08001418                SPI6_IRQHandler
                0x08001418                MDIOS_IRQHandler
                0x08001418                I2C4_EV_IRQHandler
                0x08001418                CAN3_TX_IRQHandler
                0x08001418                TIM2_IRQHandler
                0x08001418                OTG_FS_WKUP_IRQHandler
                0x08001418                TIM1_TRG_COM_TIM11_IRQHandler
                0x08001418                OTG_HS_IRQHandler
                0x08001418                DMA2D_IRQHandler
                0x08001418                EXTI1_IRQHandler
                0x08001418                SDMMC2_IRQHandler
                0x08001418                UART7_IRQHandler
                0x08001418                USART2_IRQHandler
                0x08001418                DFSDM1_FLT0_IRQHandler
                0x08001418                I2C2_ER_IRQHandler
                0x08001418                DMA2_Stream1_IRQHandler
                0x08001418                CAN1_SCE_IRQHandler
                0x08001418                FLASH_IRQHandler
                0x08001418                DMA2_Stream4_IRQHandler
                0x08001418                USART1_IRQHandler
                0x08001418                OTG_FS_IRQHandler
                0x08001418                SPI3_IRQHandler
                0x08001418                DMA1_Stream4_IRQHandler
                0x08001418                I2C1_ER_IRQHandler
                0x08001418                FMC_IRQHandler
                0x08001418                LPTIM1_IRQHandler
                0x08001418                I2C4_ER_IRQHandler
                0x08001418                DMA2_Stream6_IRQHandler
                0x08001418                SAI1_IRQHandler
                0x08001418                DMA1_Stream3_IRQHandler
 .text.HAL_Init
                0x0800141a       0x1a ./Drivers/STM32F7xx_HAL_Driver/Src/stm32f7xx_hal.o
                0x0800141a                HAL_Init
 .text.HAL_InitTick
                0x08001434       0x60 ./Drivers/STM32F7xx_HAL_Driver/Src/stm32f7xx_hal.o
                0x08001434                HAL_InitTick
 .text.HAL_IncTick
                0x08001494       0x28 ./Drivers/STM32F7xx_HAL_Driver/Src/stm32f7xx_hal.o
                0x08001494                HAL_IncTick
 .text.HAL_GetTick
                0x080014bc       0x18 ./Drivers/STM32F7xx_HAL_Driver/Src/stm32f7xx_hal.o
                0x080014bc                HAL_GetTick
 .text.HAL_Delay
                0x080014d4       0x48 ./Drivers/STM32F7xx_HAL_Driver/Src/stm32f7xx_hal.o
                0x080014d4                HAL_Delay
 .text.__NVIC_SetPriorityGrouping
                0x0800151c       0x48 ./Drivers/STM32F7xx_HAL_Driver/Src/stm32f7xx_hal_cortex.o
 .text.__NVIC_GetPriorityGrouping
                0x08001564       0x1c ./Drivers/STM32F7xx_HAL_Driver/Src/stm32f7xx_hal_cortex.o
 .text.__NVIC_SetPriority
                0x08001580       0x54 ./Drivers/STM32F7xx_HAL_Driver/Src/stm32f7xx_hal_cortex.o
 .text.NVIC_EncodePriority
                0x080015d4       0x66 ./Drivers/STM32F7xx_HAL_Driver/Src/stm32f7xx_hal_cortex.o
 *fill*         0x0800163a        0x2 
 .text.SysTick_Config
                0x0800163c       0x44 ./Drivers/STM32F7xx_HAL_Driver/Src/stm32f7xx_hal_cortex.o
 .text.HAL_NVIC_SetPriorityGrouping
                0x08001680       0x16 ./Drivers/STM32F7xx_HAL_Driver/Src/stm32f7xx_hal_cortex.o
                0x08001680                HAL_NVIC_SetPriorityGrouping
 .text.HAL_NVIC_SetPriority
                0x08001696       0x38 ./Drivers/STM32F7xx_HAL_Driver/Src/stm32f7xx_hal_cortex.o
                0x08001696                HAL_NVIC_SetPriority
 .text.HAL_SYSTICK_Config
                0x080016ce       0x18 ./Drivers/STM32F7xx_HAL_Driver/Src/stm32f7xx_hal_cortex.o
                0x080016ce                HAL_SYSTICK_Config
 *fill*         0x080016e6        0x2 
 .text.HAL_ETH_Init
                0x080016e8      0x134 ./Drivers/STM32F7xx_HAL_Driver/Src/stm32f7xx_hal_eth.o
                0x080016e8                HAL_ETH_Init
 .text.ETH_SetMACConfig
                0x0800181c      0x168 ./Drivers/STM32F7xx_HAL_Driver/Src/stm32f7xx_hal_eth.o
 .text.ETH_SetDMAConfig
                0x08001984      0x114 ./Drivers/STM32F7xx_HAL_Driver/Src/stm32f7xx_hal_eth.o
 .text.ETH_MACDMAConfig
                0x08001a98       0xea ./Drivers/STM32F7xx_HAL_Driver/Src/stm32f7xx_hal_eth.o
 *fill*         0x08001b82        0x2 
 .text.ETH_MACAddressConfig
                0x08001b84       0x70 ./Drivers/STM32F7xx_HAL_Driver/Src/stm32f7xx_hal_eth.o
 .text.ETH_DMATxDescListInit
                0x08001bf4       0xb2 ./Drivers/STM32F7xx_HAL_Driver/Src/stm32f7xx_hal_eth.o
 .text.ETH_DMARxDescListInit
                0x08001ca6       0xde ./Drivers/STM32F7xx_HAL_Driver/Src/stm32f7xx_hal_eth.o
 .text.HAL_GPIO_Init
                0x08001d84      0x358 ./Drivers/STM32F7xx_HAL_Driver/Src/stm32f7xx_hal_gpio.o
                0x08001d84                HAL_GPIO_Init
 .text.HAL_GPIO_WritePin
                0x080020dc       0x32 ./Drivers/STM32F7xx_HAL_Driver/Src/stm32f7xx_hal_gpio.o
                0x080020dc                HAL_GPIO_WritePin
 .text.HAL_PCD_Init
                0x0800210e      0x22c ./Drivers/STM32F7xx_HAL_Driver/Src/stm32f7xx_hal_pcd.o
                0x0800210e                HAL_PCD_Init
 *fill*         0x0800233a        0x2 
 .text.HAL_PCDEx_ActivateLPM
                0x0800233c       0x48 ./Drivers/STM32F7xx_HAL_Driver/Src/stm32f7xx_hal_pcd_ex.o
                0x0800233c                HAL_PCDEx_ActivateLPM
 .text.HAL_PWR_EnableBkUpAccess
                0x08002384       0x20 ./Drivers/STM32F7xx_HAL_Driver/Src/stm32f7xx_hal_pwr.o
                0x08002384                HAL_PWR_EnableBkUpAccess
 .text.HAL_PWREx_EnableOverDrive
                0x080023a4       0xa0 ./Drivers/STM32F7xx_HAL_Driver/Src/stm32f7xx_hal_pwr_ex.o
                0x080023a4                HAL_PWREx_EnableOverDrive
 .text.HAL_RCC_OscConfig
                0x08002444      0x55c ./Drivers/STM32F7xx_HAL_Driver/Src/stm32f7xx_hal_rcc.o
                0x08002444                HAL_RCC_OscConfig
 .text.HAL_RCC_ClockConfig
                0x080029a0      0x1d8 ./Drivers/STM32F7xx_HAL_Driver/Src/stm32f7xx_hal_rcc.o
                0x080029a0                HAL_RCC_ClockConfig
 .text.HAL_RCC_GetSysClockFreq
                0x08002b78      0x20c ./Drivers/STM32F7xx_HAL_Driver/Src/stm32f7xx_hal_rcc.o
                0x08002b78                HAL_RCC_GetSysClockFreq
 .text.HAL_RCC_GetHCLKFreq
                0x08002d84       0x18 ./Drivers/STM32F7xx_HAL_Driver/Src/stm32f7xx_hal_rcc.o
                0x08002d84                HAL_RCC_GetHCLKFreq
 .text.HAL_RCC_GetPCLK1Freq
                0x08002d9c       0x28 ./Drivers/STM32F7xx_HAL_Driver/Src/stm32f7xx_hal_rcc.o
                0x08002d9c                HAL_RCC_GetPCLK1Freq
 .text.HAL_RCC_GetPCLK2Freq
                0x08002dc4       0x28 ./Drivers/STM32F7xx_HAL_Driver/Src/stm32f7xx_hal_rcc.o
                0x08002dc4                HAL_RCC_GetPCLK2Freq
 .text.HAL_RCCEx_PeriphCLKConfig
                0x08002dec      0x850 ./Drivers/STM32F7xx_HAL_Driver/Src/stm32f7xx_hal_rcc_ex.o
                0x08002dec                HAL_RCCEx_PeriphCLKConfig
 .text.HAL_UART_Init
                0x0800363c       0x9c ./Drivers/STM32F7xx_HAL_Driver/Src/stm32f7xx_hal_uart.o
                0x0800363c                HAL_UART_Init
 .text.HAL_UART_Transmit
                0x080036d8      0x112 ./Drivers/STM32F7xx_HAL_Driver/Src/stm32f7xx_hal_uart.o
                0x080036d8                HAL_UART_Transmit
 .text.HAL_UART_Receive
                0x080037ea      0x190 ./Drivers/STM32F7xx_HAL_Driver/Src/stm32f7xx_hal_uart.o
                0x080037ea                HAL_UART_Receive
 *fill*         0x0800397a        0x2 
 .text.UART_SetConfig
                0x0800397c      0x4c8 ./Drivers/STM32F7xx_HAL_Driver/Src/stm32f7xx_hal_uart.o
                0x0800397c                UART_SetConfig
 .text.UART_AdvFeatureConfig
                0x08003e44      0x144 ./Drivers/STM32F7xx_HAL_Driver/Src/stm32f7xx_hal_uart.o
                0x08003e44                UART_AdvFeatureConfig
 .text.UART_CheckIdleState
                0x08003f88      0x150 ./Drivers/STM32F7xx_HAL_Driver/Src/stm32f7xx_hal_uart.o
                0x08003f88                UART_CheckIdleState
 .text.UART_WaitOnFlagUntilTimeout
                0x080040d8       0xda ./Drivers/STM32F7xx_HAL_Driver/Src/stm32f7xx_hal_uart.o
                0x080040d8                UART_WaitOnFlagUntilTimeout
 .text.UART_EndRxTransfer
                0x080041b2       0xc8 ./Drivers/STM32F7xx_HAL_Driver/Src/stm32f7xx_hal_uart.o
 *fill*         0x0800427a        0x2 
 .text.USB_CoreInit
                0x0800427c       0xb4 ./Drivers/STM32F7xx_HAL_Driver/Src/stm32f7xx_ll_usb.o
                0x0800427c                USB_CoreInit
 .text.USB_DisableGlobalInt
                0x08004330       0x22 ./Drivers/STM32F7xx_HAL_Driver/Src/stm32f7xx_ll_usb.o
                0x08004330                USB_DisableGlobalInt
 .text.USB_SetCurrentMode
                0x08004352       0x98 ./Drivers/STM32F7xx_HAL_Driver/Src/stm32f7xx_ll_usb.o
                0x08004352                USB_SetCurrentMode
 *fill*         0x080043ea        0x2 
 .text.USB_DevInit
                0x080043ec      0x2bc ./Drivers/STM32F7xx_HAL_Driver/Src/stm32f7xx_ll_usb.o
                0x080043ec                USB_DevInit
 .text.USB_FlushTxFifo
                0x080046a8       0x64 ./Drivers/STM32F7xx_HAL_Driver/Src/stm32f7xx_ll_usb.o
                0x080046a8                USB_FlushTxFifo
 .text.USB_FlushRxFifo
                0x0800470c       0x5c ./Drivers/STM32F7xx_HAL_Driver/Src/stm32f7xx_ll_usb.o
                0x0800470c                USB_FlushRxFifo
 .text.USB_SetDevSpeed
                0x08004768       0x32 ./Drivers/STM32F7xx_HAL_Driver/Src/stm32f7xx_ll_usb.o
                0x08004768                USB_SetDevSpeed
 .text.USB_DevDisconnect
                0x0800479a       0x42 ./Drivers/STM32F7xx_HAL_Driver/Src/stm32f7xx_ll_usb.o
                0x0800479a                USB_DevDisconnect
 .text.USB_GetMode
                0x080047dc       0x1c ./Drivers/STM32F7xx_HAL_Driver/Src/stm32f7xx_ll_usb.o
                0x080047dc                USB_GetMode
 .text.USB_CoreReset
                0x080047f8       0x70 ./Drivers/STM32F7xx_HAL_Driver/Src/stm32f7xx_ll_usb.o
 .text.snprintf
                0x08004868       0x6c C:/ST/STM32CubeIDE_1.19.0/STM32CubeIDE/plugins/com.st.stm32cube.ide.mcu.externaltools.gnu-tools-for-stm32.13.3.rel1.win32_1.0.0.202411081344/tools/bin/../lib/gcc/arm-none-eabi/13.3.1/../../../../arm-none-eabi/lib/thumb/v7e-m+dp/hard\libc_nano.a(libc_a-snprintf.o)
                0x08004868                sniprintf
                0x08004868                snprintf
 .text.memset   0x080048d4       0x10 C:/ST/STM32CubeIDE_1.19.0/STM32CubeIDE/plugins/com.st.stm32cube.ide.mcu.externaltools.gnu-tools-for-stm32.13.3.rel1.win32_1.0.0.202411081344/tools/bin/../lib/gcc/arm-none-eabi/13.3.1/../../../../arm-none-eabi/lib/thumb/v7e-m+dp/hard\libc_nano.a(libc_a-memset.o)
                0x080048d4                memset
 .text.__errno  0x080048e4        0xc C:/ST/STM32CubeIDE_1.19.0/STM32CubeIDE/plugins/com.st.stm32cube.ide.mcu.externaltools.gnu-tools-for-stm32.13.3.rel1.win32_1.0.0.202411081344/tools/bin/../lib/gcc/arm-none-eabi/13.3.1/../../../../arm-none-eabi/lib/thumb/v7e-m+dp/hard\libc_nano.a(libc_a-errno.o)
                0x080048e4                __errno
 .text.__libc_init_array
                0x080048f0       0x48 C:/ST/STM32CubeIDE_1.19.0/STM32CubeIDE/plugins/com.st.stm32cube.ide.mcu.externaltools.gnu-tools-for-stm32.13.3.rel1.win32_1.0.0.202411081344/tools/bin/../lib/gcc/arm-none-eabi/13.3.1/../../../../arm-none-eabi/lib/thumb/v7e-m+dp/hard\libc_nano.a(libc_a-init.o)
                0x080048f0                __libc_init_array
 .text.__retarget_lock_acquire_recursive
                0x08004938        0x2 C:/ST/STM32CubeIDE_1.19.0/STM32CubeIDE/plugins/com.st.stm32cube.ide.mcu.externaltools.gnu-tools-for-stm32.13.3.rel1.win32_1.0.0.202411081344/tools/bin/../lib/gcc/arm-none-eabi/13.3.1/../../../../arm-none-eabi/lib/thumb/v7e-m+dp/hard\libc_nano.a(libc_a-lock.o)
                0x08004938                __retarget_lock_acquire_recursive
 .text.__retarget_lock_release_recursive
                0x0800493a        0x2 C:/ST/STM32CubeIDE_1.19.0/STM32CubeIDE/plugins/com.st.stm32cube.ide.mcu.externaltools.gnu-tools-for-stm32.13.3.rel1.win32_1.0.0.202411081344/tools/bin/../lib/gcc/arm-none-eabi/13.3.1/../../../../arm-none-eabi/lib/thumb/v7e-m+dp/hard\libc_nano.a(libc_a-lock.o)
                0x0800493a                __retarget_lock_release_recursive
 .text._free_r  0x0800493c       0x94 C:/ST/STM32CubeIDE_1.19.0/STM32CubeIDE/plugins/com.st.stm32cube.ide.mcu.externaltools.gnu-tools-for-stm32.13.3.rel1.win32_1.0.0.202411081344/tools/bin/../lib/gcc/arm-none-eabi/13.3.1/../../../../arm-none-eabi/lib/thumb/v7e-m+dp/hard\libc_nano.a(libc_a-freer.o)
                0x0800493c                _free_r
 .text.sbrk_aligned
                0x080049d0       0x44 C:/ST/STM32CubeIDE_1.19.0/STM32CubeIDE/plugins/com.st.stm32cube.ide.mcu.externaltools.gnu-tools-for-stm32.13.3.rel1.win32_1.0.0.202411081344/tools/bin/../lib/gcc/arm-none-eabi/13.3.1/../../../../arm-none-eabi/lib/thumb/v7e-m+dp/hard\libc_nano.a(libc_a-mallocr.o)
 .text._malloc_r
                0x08004a14      0x100 C:/ST/STM32CubeIDE_1.19.0/STM32CubeIDE/plugins/com.st.stm32cube.ide.mcu.externaltools.gnu-tools-for-stm32.13.3.rel1.win32_1.0.0.202411081344/tools/bin/../lib/gcc/arm-none-eabi/13.3.1/../../../../arm-none-eabi/lib/thumb/v7e-m+dp/hard\libc_nano.a(libc_a-mallocr.o)
                0x08004a14                _malloc_r
 .text.__malloc_lock
                0x08004b14        0xc C:/ST/STM32CubeIDE_1.19.0/STM32CubeIDE/plugins/com.st.stm32cube.ide.mcu.externaltools.gnu-tools-for-stm32.13.3.rel1.win32_1.0.0.202411081344/tools/bin/../lib/gcc/arm-none-eabi/13.3.1/../../../../arm-none-eabi/lib/thumb/v7e-m+dp/hard\libc_nano.a(libc_a-mlock.o)
                0x08004b14                __malloc_lock
 .text.__malloc_unlock
                0x08004b20        0xc C:/ST/STM32CubeIDE_1.19.0/STM32CubeIDE/plugins/com.st.stm32cube.ide.mcu.externaltools.gnu-tools-for-stm32.13.3.rel1.win32_1.0.0.202411081344/tools/bin/../lib/gcc/arm-none-eabi/13.3.1/../../../../arm-none-eabi/lib/thumb/v7e-m+dp/hard\libc_nano.a(libc_a-mlock.o)
                0x08004b20                __malloc_unlock
 .text.__ssputs_r
                0x08004b2c       0xb6 C:/ST/STM32CubeIDE_1.19.0/STM32CubeIDE/plugins/com.st.stm32cube.ide.mcu.externaltools.gnu-tools-for-stm32.13.3.rel1.win32_1.0.0.202411081344/tools/bin/../lib/gcc/arm-none-eabi/13.3.1/../../../../arm-none-eabi/lib/thumb/v7e-m+dp/hard\libc_nano.a(libc_a-nano-svfprintf.o)
                0x08004b2c                __ssputs_r
 *fill*         0x08004be2        0x2 
 .text._svfprintf_r
                0x08004be4      0x1f8 C:/ST/STM32CubeIDE_1.19.0/STM32CubeIDE/plugins/com.st.stm32cube.ide.mcu.externaltools.gnu-tools-for-stm32.13.3.rel1.win32_1.0.0.202411081344/tools/bin/../lib/gcc/arm-none-eabi/13.3.1/../../../../arm-none-eabi/lib/thumb/v7e-m+dp/hard\libc_nano.a(libc_a-nano-svfprintf.o)
                0x08004be4                _svfiprintf_r
                0x08004be4                _svfprintf_r
 .text._printf_common
                0x08004ddc       0xda C:/ST/STM32CubeIDE_1.19.0/STM32CubeIDE/plugins/com.st.stm32cube.ide.mcu.externaltools.gnu-tools-for-stm32.13.3.rel1.win32_1.0.0.202411081344/tools/bin/../lib/gcc/arm-none-eabi/13.3.1/../../../../arm-none-eabi/lib/thumb/v7e-m+dp/hard\libc_nano.a(libc_a-nano-vfprintf_i.o)
                0x08004ddc                _printf_common
 *fill*         0x08004eb6        0x2 
 .text._printf_i
                0x08004eb8      0x23c C:/ST/STM32CubeIDE_1.19.0/STM32CubeIDE/plugins/com.st.stm32cube.ide.mcu.externaltools.gnu-tools-for-stm32.13.3.rel1.win32_1.0.0.202411081344/tools/bin/../lib/gcc/arm-none-eabi/13.3.1/../../../../arm-none-eabi/lib/thumb/v7e-m+dp/hard\libc_nano.a(libc_a-nano-vfprintf_i.o)
                0x08004eb8                _printf_i
 .text.memmove  0x080050f4       0x34 C:/ST/STM32CubeIDE_1.19.0/STM32CubeIDE/plugins/com.st.stm32cube.ide.mcu.externaltools.gnu-tools-for-stm32.13.3.rel1.win32_1.0.0.202411081344/tools/bin/../lib/gcc/arm-none-eabi/13.3.1/../../../../arm-none-eabi/lib/thumb/v7e-m+dp/hard\libc_nano.a(libc_a-memmove.o)
                0x080050f4                memmove
 .text._sbrk_r  0x08005128       0x20 C:/ST/STM32CubeIDE_1.19.0/STM32CubeIDE/plugins/com.st.stm32cube.ide.mcu.externaltools.gnu-tools-for-stm32.13.3.rel1.win32_1.0.0.202411081344/tools/bin/../lib/gcc/arm-none-eabi/13.3.1/../../../../arm-none-eabi/lib/thumb/v7e-m+dp/hard\libc_nano.a(libc_a-sbrkr.o)
                0x08005128                _sbrk_r
 .text.memcpy   0x08005148       0x1c C:/ST/STM32CubeIDE_1.19.0/STM32CubeIDE/plugins/com.st.stm32cube.ide.mcu.externaltools.gnu-tools-for-stm32.13.3.rel1.win32_1.0.0.202411081344/tools/bin/../lib/gcc/arm-none-eabi/13.3.1/../../../../arm-none-eabi/lib/thumb/v7e-m+dp/hard\libc_nano.a(libc_a-memcpy-stub.o)
                0x08005148                memcpy
 .text._realloc_r
                0x08005164       0x5c C:/ST/STM32CubeIDE_1.19.0/STM32CubeIDE/plugins/com.st.stm32cube.ide.mcu.externaltools.gnu-tools-for-stm32.13.3.rel1.win32_1.0.0.202411081344/tools/bin/../lib/gcc/arm-none-eabi/13.3.1/../../../../arm-none-eabi/lib/thumb/v7e-m+dp/hard\libc_nano.a(libc_a-reallocr.o)
                0x08005164                _realloc_r
 .text._malloc_usable_size_r
                0x080051c0       0x10 C:/ST/STM32CubeIDE_1.19.0/STM32CubeIDE/plugins/com.st.stm32cube.ide.mcu.externaltools.gnu-tools-for-stm32.13.3.rel1.win32_1.0.0.202411081344/tools/bin/../lib/gcc/arm-none-eabi/13.3.1/../../../../arm-none-eabi/lib/thumb/v7e-m+dp/hard\libc_nano.a(libc_a-msizer.o)
                0x080051c0                _malloc_usable_size_r
 *(.glue_7)
 .glue_7        0x080051d0        0x0 linker stubs
 *(.glue_7t)
 .glue_7t       0x080051d0        0x0 linker stubs
 *(.eh_frame)
 .eh_frame      0x080051d0        0x0 C:/ST/STM32CubeIDE_1.19.0/STM32CubeIDE/plugins/com.st.stm32cube.ide.mcu.externaltools.gnu-tools-for-stm32.13.3.rel1.win32_1.0.0.202411081344/tools/bin/../lib/gcc/arm-none-eabi/13.3.1/thumb/v7e-m+dp/hard/crtbegin.o
 *(.init)
 .init          0x080051d0        0x4 C:/ST/STM32CubeIDE_1.19.0/STM32CubeIDE/plugins/com.st.stm32cube.ide.mcu.externaltools.gnu-tools-for-stm32.13.3.rel1.win32_1.0.0.202411081344/tools/bin/../lib/gcc/arm-none-eabi/13.3.1/thumb/v7e-m+dp/hard/crti.o
                0x080051d0                _init
 .init          0x080051d4        0x8 C:/ST/STM32CubeIDE_1.19.0/STM32CubeIDE/plugins/com.st.stm32cube.ide.mcu.externaltools.gnu-tools-for-stm32.13.3.rel1.win32_1.0.0.202411081344/tools/bin/../lib/gcc/arm-none-eabi/13.3.1/thumb/v7e-m+dp/hard/crtn.o
 *(.fini)
 .fini          0x080051dc        0x4 C:/ST/STM32CubeIDE_1.19.0/STM32CubeIDE/plugins/com.st.stm32cube.ide.mcu.externaltools.gnu-tools-for-stm32.13.3.rel1.win32_1.0.0.202411081344/tools/bin/../lib/gcc/arm-none-eabi/13.3.1/thumb/v7e-m+dp/hard/crti.o
                0x080051dc                _fini
 .fini          0x080051e0        0x8 C:/ST/STM32CubeIDE_1.19.0/STM32CubeIDE/plugins/com.st.stm32cube.ide.mcu.externaltools.gnu-tools-for-stm32.13.3.rel1.win32_1.0.0.202411081344/tools/bin/../lib/gcc/arm-none-eabi/13.3.1/thumb/v7e-m+dp/hard/crtn.o
                0x080051e8                        . = ALIGN (0x4)
                0x080051e8                        _etext = .

.vfp11_veneer   0x080051e8        0x0
 .vfp11_veneer  0x080051e8        0x0 linker stubs

.v4_bx          0x080051e8        0x0
 .v4_bx         0x080051e8        0x0 linker stubs

.iplt           0x080051e8        0x0
 .iplt          0x080051e8        0x0 C:/ST/STM32CubeIDE_1.19.0/STM32CubeIDE/plugins/com.st.stm32cube.ide.mcu.externaltools.gnu-tools-for-stm32.13.3.rel1.win32_1.0.0.202411081344/tools/bin/../lib/gcc/arm-none-eabi/13.3.1/thumb/v7e-m+dp/hard/crtbegin.o

.rodata         0x080051e8      0x218
                0x080051e8                        . = ALIGN (0x4)
 *(.rodata)
 .rodata        0x080051e8      0x1aa ./Core/Src/main.o
 *(.rodata*)
 *fill*         0x08005392        0x2 
 .rodata.kFingerDatabase
                0x08005394       0x20 ./Core/Src/main.o
 .rodata.AHBPrescTable
                0x080053b4       0x10 ./Core/Src/system_stm32f7xx.o
                0x080053b4                AHBPrescTable
 .rodata.APBPrescTable
                0x080053c4        0x8 ./Core/Src/system_stm32f7xx.o
                0x080053c4                APBPrescTable
 .rodata._svfprintf_r.str1.1
                0x080053cc       0x33 C:/ST/STM32CubeIDE_1.19.0/STM32CubeIDE/plugins/com.st.stm32cube.ide.mcu.externaltools.gnu-tools-for-stm32.13.3.rel1.win32_1.0.0.202411081344/tools/bin/../lib/gcc/arm-none-eabi/13.3.1/../../../../arm-none-eabi/lib/thumb/v7e-m+dp/hard\libc_nano.a(libc_a-nano-svfprintf.o)
                                 0x11 (size before relaxing)
 .rodata._printf_i.str1.1
                0x080053ff       0x22 C:/ST/STM32CubeIDE_1.19.0/STM32CubeIDE/plugins/com.st.stm32cube.ide.mcu.externaltools.gnu-tools-for-stm32.13.3.rel1.win32_1.0.0.202411081344/tools/bin/../lib/gcc/arm-none-eabi/13.3.1/../../../../arm-none-eabi/lib/thumb/v7e-m+dp/hard\libc_nano.a(libc_a-nano-vfprintf_i.o)
                0x08005424                        . = ALIGN (0x4)
 *fill*         0x080053ff        0x1 

.ARM.extab      0x08005400        0x0
                0x08005400                        . = ALIGN (0x4)
 *(.ARM.extab* .gnu.linkonce.armextab.*)
                0x08005400                        . = ALIGN (0x4)

.ARM            0x08005400        0x8
                0x08005400                        . = ALIGN (0x4)
                0x08005400                        __exidx_start = .
 *(.ARM.exidx*)
 .ARM.exidx     0x08005400        0x8 C:/ST/STM32CubeIDE_1.19.0/STM32CubeIDE/plugins/com.st.stm32cube.ide.mcu.externaltools.gnu-tools-for-stm32.13.3.rel1.win32_1.0.0.202411081344/tools/bin/../lib/gcc/arm-none-eabi/13.3.1/../../../../arm-none-eabi/lib/thumb/v7e-m+dp/hard\libc_nano.a(libc_a-strlen.o)
 .ARM.exidx     0x08005408        0x0 C:/ST/STM32CubeIDE_1.19.0/STM32CubeIDE/plugins/com.st.stm32cube.ide.mcu.externaltools.gnu-tools-for-stm32.13.3.rel1.win32_1.0.0.202411081344/tools/bin/../lib/gcc/arm-none-eabi/13.3.1/../../../../arm-none-eabi/lib/thumb/v7e-m+dp/hard\libc_nano.a(libc_a-memchr.o)
                                  0x8 (size before relaxing)
 .ARM.exidx     0x08005408        0x0 C:/ST/STM32CubeIDE_1.19.0/STM32CubeIDE/plugins/com.st.stm32cube.ide.mcu.externaltools.gnu-tools-for-stm32.13.3.rel1.win32_1.0.0.202411081344/tools/bin/../lib/gcc/arm-none-eabi/13.3.1/thumb/v7e-m+dp/hard\libgcc.a(_udivmoddi4.o)
                                  0x8 (size before relaxing)
                0x08005408                        __exidx_end = .
                0x08005408                        . = ALIGN (0x4)

.preinit_array  0x08005408        0x0
                0x08005408                        . = ALIGN (0x4)
                0x08005408                        PROVIDE (__preinit_array_start = .)
 *(.preinit_array*)
                0x08005408                        PROVIDE (__preinit_array_end = .)
                0x08005408                        . = ALIGN (0x4)

.init_array     0x08005408        0x4
                0x08005408                        . = ALIGN (0x4)
                0x08005408                        PROVIDE (__init_array_start = .)
 *(SORT_BY_NAME(.init_array.*))
 *(.init_array*)
 .init_array    0x08005408        0x4 C:/ST/STM32CubeIDE_1.19.0/STM32CubeIDE/plugins/com.st.stm32cube.ide.mcu.externaltools.gnu-tools-for-stm32.13.3.rel1.win32_1.0.0.202411081344/tools/bin/../lib/gcc/arm-none-eabi/13.3.1/thumb/v7e-m+dp/hard/crtbegin.o
                0x0800540c                        PROVIDE (__init_array_end = .)
                0x0800540c                        . = ALIGN (0x4)

.fini_array     0x0800540c        0x4
                0x0800540c                        . = ALIGN (0x4)
                [!provide]                        PROVIDE (__fini_array_start = .)
 *(SORT_BY_NAME(.fini_array.*))
 *(.fini_array*)
 .fini_array    0x0800540c        0x4 C:/ST/STM32CubeIDE_1.19.0/STM32CubeIDE/plugins/com.st.stm32cube.ide.mcu.externaltools.gnu-tools-for-stm32.13.3.rel1.win32_1.0.0.202411081344/tools/bin/../lib/gcc/arm-none-eabi/13.3.1/thumb/v7e-m+dp/hard/crtbegin.o
                [!provide]                        PROVIDE (__fini_array_end = .)
                0x08005410                        . = ALIGN (0x4)
                0x08005410                        _sidata = LOADADDR (.data)

.rel.dyn        0x08005410        0x0
 .rel.iplt      0x08005410        0x0 C:/ST/STM32CubeIDE_1.19.0/STM32CubeIDE/plugins/com.st.stm32cube.ide.mcu.externaltools.gnu-tools-for-stm32.13.3.rel1.win32_1.0.0.202411081344/tools/bin/../lib/gcc/arm-none-eabi/13.3.1/thumb/v7e-m+dp/hard/crtbegin.o

.data           0x20000000       0x5c load address 0x08005410
                0x20000000                        . = ALIGN (0x4)
                0x20000000                        _sdata = .
 *(.data)
 *(.data*)
 .data.SystemCoreClock
                0x20000000        0x4 ./Core/Src/system_stm32f7xx.o
                0x20000000                SystemCoreClock
 .data.uwTickPrio
                0x20000004        0x4 ./Drivers/STM32F7xx_HAL_Driver/Src/stm32f7xx_hal.o
                0x20000004                uwTickPrio
 .data.uwTickFreq
                0x20000008        0x1 ./Drivers/STM32F7xx_HAL_Driver/Src/stm32f7xx_hal.o
                0x20000008                uwTickFreq
 *fill*         0x20000009        0x3 
 .data._impure_ptr
                0x2000000c        0x4 C:/ST/STM32CubeIDE_1.19.0/STM32CubeIDE/plugins/com.st.stm32cube.ide.mcu.externaltools.gnu-tools-for-stm32.13.3.rel1.win32_1.0.0.202411081344/tools/bin/../lib/gcc/arm-none-eabi/13.3.1/../../../../arm-none-eabi/lib/thumb/v7e-m+dp/hard\libc_nano.a(libc_a-impure.o)
                0x2000000c                _impure_ptr
 .data._impure_data
                0x20000010       0x4c C:/ST/STM32CubeIDE_1.19.0/STM32CubeIDE/plugins/com.st.stm32cube.ide.mcu.externaltools.gnu-tools-for-stm32.13.3.rel1.win32_1.0.0.202411081344/tools/bin/../lib/gcc/arm-none-eabi/13.3.1/../../../../arm-none-eabi/lib/thumb/v7e-m+dp/hard\libc_nano.a(libc_a-impure.o)
                0x20000010                _impure_data
 *(.RamFunc)
 *(.RamFunc*)
                0x2000005c                        . = ALIGN (0x4)
                0x2000005c                        _edata = .

.igot.plt       0x2000005c        0x0 load address 0x0800546c
 .igot.plt      0x2000005c        0x0 C:/ST/STM32CubeIDE_1.19.0/STM32CubeIDE/plugins/com.st.stm32cube.ide.mcu.externaltools.gnu-tools-for-stm32.13.3.rel1.win32_1.0.0.202411081344/tools/bin/../lib/gcc/arm-none-eabi/13.3.1/thumb/v7e-m+dp/hard/crtbegin.o

.RxDecripSection
                0x2000005c       0xa0 load address 0x0800546c
 .RxDecripSection
                0x2000005c       0xa0 ./Core/Src/main.o
                0x2000005c                DMARxDscrTab

.TxDecripSection
                0x200000fc       0xa0 load address 0x0800550c
 .TxDecripSection
                0x200000fc       0xa0 ./Core/Src/main.o
                0x200000fc                DMATxDscrTab
                0x2000019c                        . = ALIGN (0x4)

.bss            0x2000019c      0x88c load address 0x080055ac
                0x2000019c                        _sbss = .
                0x2000019c                        __bss_start__ = _sbss
 *(.bss)
 .bss           0x2000019c       0x1c C:/ST/STM32CubeIDE_1.19.0/STM32CubeIDE/plugins/com.st.stm32cube.ide.mcu.externaltools.gnu-tools-for-stm32.13.3.rel1.win32_1.0.0.202411081344/tools/bin/../lib/gcc/arm-none-eabi/13.3.1/thumb/v7e-m+dp/hard/crtbegin.o
 *(.bss*)
 .bss.TxConfig  0x200001b8       0x38 ./Core/Src/main.o
                0x200001b8                TxConfig
 .bss.heth      0x200001f0       0xb0 ./Core/Src/main.o
                0x200001f0                heth
 .bss.huart3    0x200002a0       0x88 ./Core/Src/main.o
                0x200002a0                huart3
 .bss.huart6    0x20000328       0x88 ./Core/Src/main.o
                0x20000328                huart6
 .bss.hpcd_USB_OTG_FS
                0x200003b0      0x4e0 ./Core/Src/main.o
                0x200003b0                hpcd_USB_OTG_FS
 .bss.fp_tx_buffer
                0x20000890       0x20 ./Core/Src/main.o
 .bss.fp_rx_buffer
                0x200008b0       0x20 ./Core/Src/main.o
 .bss.MACAddr.0
                0x200008d0        0x6 ./Core/Src/main.o
 *fill*         0x200008d6        0x2 
 .bss.__sbrk_heap_end
                0x200008d8        0x4 ./Core/Src/sysmem.o
 .bss.uwTick    0x200008dc        0x4 ./Drivers/STM32F7xx_HAL_Driver/Src/stm32f7xx_hal.o
                0x200008dc                uwTick
 .bss.__sf      0x200008e0      0x138 C:/ST/STM32CubeIDE_1.19.0/STM32CubeIDE/plugins/com.st.stm32cube.ide.mcu.externaltools.gnu-tools-for-stm32.13.3.rel1.win32_1.0.0.202411081344/tools/bin/../lib/gcc/arm-none-eabi/13.3.1/../../../../arm-none-eabi/lib/thumb/v7e-m+dp/hard\libc_nano.a(libc_a-findfp.o)
                0x200008e0                __sf
 .bss.errno     0x20000a18        0x4 C:/ST/STM32CubeIDE_1.19.0/STM32CubeIDE/plugins/com.st.stm32cube.ide.mcu.externaltools.gnu-tools-for-stm32.13.3.rel1.win32_1.0.0.202411081344/tools/bin/../lib/gcc/arm-none-eabi/13.3.1/../../../../arm-none-eabi/lib/thumb/v7e-m+dp/hard\libc_nano.a(libc_a-reent.o)
                0x20000a18                errno
 .bss.__lock___malloc_recursive_mutex
                0x20000a1c        0x1 C:/ST/STM32CubeIDE_1.19.0/STM32CubeIDE/plugins/com.st.stm32cube.ide.mcu.externaltools.gnu-tools-for-stm32.13.3.rel1.win32_1.0.0.202411081344/tools/bin/../lib/gcc/arm-none-eabi/13.3.1/../../../../arm-none-eabi/lib/thumb/v7e-m+dp/hard\libc_nano.a(libc_a-lock.o)
                0x20000a1c                __lock___malloc_recursive_mutex
 *fill*         0x20000a1d        0x3 
 .bss.__malloc_sbrk_start
                0x20000a20        0x4 C:/ST/STM32CubeIDE_1.19.0/STM32CubeIDE/plugins/com.st.stm32cube.ide.mcu.externaltools.gnu-tools-for-stm32.13.3.rel1.win32_1.0.0.202411081344/tools/bin/../lib/gcc/arm-none-eabi/13.3.1/../../../../arm-none-eabi/lib/thumb/v7e-m+dp/hard\libc_nano.a(libc_a-mallocr.o)
                0x20000a20                __malloc_sbrk_start
 .bss.__malloc_free_list
                0x20000a24        0x4 C:/ST/STM32CubeIDE_1.19.0/STM32CubeIDE/plugins/com.st.stm32cube.ide.mcu.externaltools.gnu-tools-for-stm32.13.3.rel1.win32_1.0.0.202411081344/tools/bin/../lib/gcc/arm-none-eabi/13.3.1/../../../../arm-none-eabi/lib/thumb/v7e-m+dp/hard\libc_nano.a(libc_a-mallocr.o)
                0x20000a24                __malloc_free_list
 *(COMMON)
                0x20000a28                        . = ALIGN (0x4)
                0x20000a28                        _ebss = .
                0x20000a28                        __bss_end__ = _ebss

._user_heap_stack
                0x20000a28      0x600 load address 0x080055ac
                0x20000a28                        . = ALIGN (0x8)
                [!provide]                        PROVIDE (end = .)
                0x20000a28                        PROVIDE (_end = .)
                0x20000c28                        . = (. + _Min_Heap_Size)
 *fill*         0x20000a28      0x200 
                0x20001028                        . = (. + _Min_Stack_Size)
 *fill*         0x20000c28      0x400 
                0x20001028                        . = ALIGN (0x8)

/DISCARD/
 libc.a(*)
 libm.a(*)
 libgcc.a(*)

.ARM.attributes
                0x00000000       0x2e
 *(.ARM.attributes)
 .ARM.attributes
                0x00000000       0x20 C:/ST/STM32CubeIDE_1.19.0/STM32CubeIDE/plugins/com.st.stm32cube.ide.mcu.externaltools.gnu-tools-for-stm32.13.3.rel1.win32_1.0.0.202411081344/tools/bin/../lib/gcc/arm-none-eabi/13.3.1/thumb/v7e-m+dp/hard/crti.o
 .ARM.attributes
                0x00000020       0x32 C:/ST/STM32CubeIDE_1.19.0/STM32CubeIDE/plugins/com.st.stm32cube.ide.mcu.externaltools.gnu-tools-for-stm32.13.3.rel1.win32_1.0.0.202411081344/tools/bin/../lib/gcc/arm-none-eabi/13.3.1/thumb/v7e-m+dp/hard/crtbegin.o
 .ARM.attributes
                0x00000052       0x32 ./Core/Src/main.o
 .ARM.attributes
                0x00000084       0x32 ./Core/Src/stm32f7xx_hal_msp.o
 .ARM.attributes
                0x000000b6       0x32 ./Core/Src/stm32f7xx_it.o
 .ARM.attributes
                0x000000e8       0x32 ./Core/Src/sysmem.o
 .ARM.attributes
                0x0000011a       0x32 ./Core/Src/system_stm32f7xx.o
 .ARM.attributes
                0x0000014c       0x21 ./Core/Startup/startup_stm32f767zitx.o
 .ARM.attributes
                0x0000016d       0x32 ./Drivers/STM32F7xx_HAL_Driver/Src/stm32f7xx_hal.o
 .ARM.attributes
                0x0000019f       0x32 ./Drivers/STM32F7xx_HAL_Driver/Src/stm32f7xx_hal_cortex.o
 .ARM.attributes
                0x000001d1       0x32 ./Drivers/STM32F7xx_HAL_Driver/Src/stm32f7xx_hal_eth.o
 .ARM.attributes
                0x00000203       0x32 ./Drivers/STM32F7xx_HAL_Driver/Src/stm32f7xx_hal_gpio.o
 .ARM.attributes
                0x00000235       0x32 ./Drivers/STM32F7xx_HAL_Driver/Src/stm32f7xx_hal_pcd.o
 .ARM.attributes
                0x00000267       0x32 ./Drivers/STM32F7xx_HAL_Driver/Src/stm32f7xx_hal_pcd_ex.o
 .ARM.attributes
                0x00000299       0x32 ./Drivers/STM32F7xx_HAL_Driver/Src/stm32f7xx_hal_pwr.o
 .ARM.attributes
                0x000002cb       0x32 ./Drivers/STM32F7xx_HAL_Driver/Src/stm32f7xx_hal_pwr_ex.o
 .ARM.attributes
                0x000002fd       0x32 ./Drivers/STM32F7xx_HAL_Driver/Src/stm32f7xx_hal_rcc.o
 .ARM.attributes
                0x0000032f       0x32 ./Drivers/STM32F7xx_HAL_Driver/Src/stm32f7xx_hal_rcc_ex.o
 .ARM.attributes
                0x00000361       0x32 ./Drivers/STM32F7xx_HAL_Driver/Src/stm32f7xx_hal_uart.o
 .ARM.attributes
                0x00000393       0x32 ./Drivers/STM32F7xx_HAL_Driver/Src/stm32f7xx_ll_usb.o
 .ARM.attributes
                0x000003c5       0x32 C:/ST/STM32CubeIDE_1.19.0/STM32CubeIDE/plugins/com.st.stm32cube.ide.mcu.externaltools.gnu-tools-for-stm32.13.3.rel1.win32_1.0.0.202411081344/tools/bin/../lib/gcc/arm-none-eabi/13.3.1/../../../../arm-none-eabi/lib/thumb/v7e-m+dp/hard\libc_nano.a(libc_a-findfp.o)
 .ARM.attributes
                0x000003f7       0x32 C:/ST/STM32CubeIDE_1.19.0/STM32CubeIDE/plugins/com.st.stm32cube.ide.mcu.externaltools.gnu-tools-for-stm32.13.3.rel1.win32_1.0.0.202411081344/tools/bin/../lib/gcc/arm-none-eabi/13.3.1/../../../../arm-none-eabi/lib/thumb/v7e-m+dp/hard\libc_nano.a(libc_a-snprintf.o)
 .ARM.attributes
                0x00000429       0x32 C:/ST/STM32CubeIDE_1.19.0/STM32CubeIDE/plugins/com.st.stm32cube.ide.mcu.externaltools.gnu-tools-for-stm32.13.3.rel1.win32_1.0.0.202411081344/tools/bin/../lib/gcc/arm-none-eabi/13.3.1/../../../../arm-none-eabi/lib/thumb/v7e-m+dp/hard\libc_nano.a(libc_a-memset.o)
 .ARM.attributes
                0x0000045b       0x32 C:/ST/STM32CubeIDE_1.19.0/STM32CubeIDE/plugins/com.st.stm32cube.ide.mcu.externaltools.gnu-tools-for-stm32.13.3.rel1.win32_1.0.0.202411081344/tools/bin/../lib/gcc/arm-none-eabi/13.3.1/../../../../arm-none-eabi/lib/thumb/v7e-m+dp/hard\libc_nano.a(libc_a-reent.o)
 .ARM.attributes
                0x0000048d       0x32 C:/ST/STM32CubeIDE_1.19.0/STM32CubeIDE/plugins/com.st.stm32cube.ide.mcu.externaltools.gnu-tools-for-stm32.13.3.rel1.win32_1.0.0.202411081344/tools/bin/../lib/gcc/arm-none-eabi/13.3.1/../../../../arm-none-eabi/lib/thumb/v7e-m+dp/hard\libc_nano.a(libc_a-impure.o)
 .ARM.attributes
                0x000004bf       0x32 C:/ST/STM32CubeIDE_1.19.0/STM32CubeIDE/plugins/com.st.stm32cube.ide.mcu.externaltools.gnu-tools-for-stm32.13.3.rel1.win32_1.0.0.202411081344/tools/bin/../lib/gcc/arm-none-eabi/13.3.1/../../../../arm-none-eabi/lib/thumb/v7e-m+dp/hard\libc_nano.a(libc_a-errno.o)
 .ARM.attributes
                0x000004f1       0x32 C:/ST/STM32CubeIDE_1.19.0/STM32CubeIDE/plugins/com.st.stm32cube.ide.mcu.externaltools.gnu-tools-for-stm32.13.3.rel1.win32_1.0.0.202411081344/tools/bin/../lib/gcc/arm-none-eabi/13.3.1/../../../../arm-none-eabi/lib/thumb/v7e-m+dp/hard\libc_nano.a(libc_a-init.o)
 .ARM.attributes
                0x00000523       0x32 C:/ST/STM32CubeIDE_1.19.0/STM32CubeIDE/plugins/com.st.stm32cube.ide.mcu.externaltools.gnu-tools-for-stm32.13.3.rel1.win32_1.0.0.202411081344/tools/bin/../lib/gcc/arm-none-eabi/13.3.1/../../../../arm-none-eabi/lib/thumb/v7e-m+dp/hard\libc_nano.a(libc_a-lock.o)
 .ARM.attributes
                0x00000555       0x17 C:/ST/STM32CubeIDE_1.19.0/STM32CubeIDE/plugins/com.st.stm32cube.ide.mcu.externaltools.gnu-tools-for-stm32.13.3.rel1.win32_1.0.0.202411081344/tools/bin/../lib/gcc/arm-none-eabi/13.3.1/../../../../arm-none-eabi/lib/thumb/v7e-m+dp/hard\libc_nano.a(libc_a-strlen.o)
 .ARM.attributes
                0x0000056c       0x32 C:/ST/STM32CubeIDE_1.19.0/STM32CubeIDE/plugins/com.st.stm32cube.ide.mcu.externaltools.gnu-tools-for-stm32.13.3.rel1.win32_1.0.0.202411081344/tools/bin/../lib/gcc/arm-none-eabi/13.3.1/../../../../arm-none-eabi/lib/thumb/v7e-m+dp/hard\libc_nano.a(libc_a-freer.o)
 .ARM.attributes
                0x0000059e       0x32 C:/ST/STM32CubeIDE_1.19.0/STM32CubeIDE/plugins/com.st.stm32cube.ide.mcu.externaltools.gnu-tools-for-stm32.13.3.rel1.win32_1.0.0.202411081344/tools/bin/../lib/gcc/arm-none-eabi/13.3.1/../../../../arm-none-eabi/lib/thumb/v7e-m+dp/hard\libc_nano.a(libc_a-mallocr.o)
 .ARM.attributes
                0x000005d0       0x32 C:/ST/STM32CubeIDE_1.19.0/STM32CubeIDE/plugins/com.st.stm32cube.ide.mcu.externaltools.gnu-tools-for-stm32.13.3.rel1.win32_1.0.0.202411081344/tools/bin/../lib/gcc/arm-none-eabi/13.3.1/../../../../arm-none-eabi/lib/thumb/v7e-m+dp/hard\libc_nano.a(libc_a-mlock.o)
 .ARM.attributes
                0x00000602       0x32 C:/ST/STM32CubeIDE_1.19.0/STM32CubeIDE/plugins/com.st.stm32cube.ide.mcu.externaltools.gnu-tools-for-stm32.13.3.rel1.win32_1.0.0.202411081344/tools/bin/../lib/gcc/arm-none-eabi/13.3.1/../../../../arm-none-eabi/lib/thumb/v7e-m+dp/hard\libc_nano.a(libc_a-nano-svfprintf.o)
 .ARM.attributes
                0x00000634       0x32 C:/ST/STM32CubeIDE_1.19.0/STM32CubeIDE/plugins/com.st.stm32cube.ide.mcu.externaltools.gnu-tools-for-stm32.13.3.rel1.win32_1.0.0.202411081344/tools/bin/../lib/gcc/arm-none-eabi/13.3.1/../../../../arm-none-eabi/lib/thumb/v7e-m+dp/hard\libc_nano.a(libc_a-nano-vfprintf_i.o)
 .ARM.attributes
                0x00000666       0x32 C:/ST/STM32CubeIDE_1.19.0/STM32CubeIDE/plugins/com.st.stm32cube.ide.mcu.externaltools.gnu-tools-for-stm32.13.3.rel1.win32_1.0.0.202411081344/tools/bin/../lib/gcc/arm-none-eabi/13.3.1/../../../../arm-none-eabi/lib/thumb/v7e-m+dp/hard\libc_nano.a(libc_a-memmove.o)
 .ARM.attributes
                0x00000698       0x32 C:/ST/STM32CubeIDE_1.19.0/STM32CubeIDE/plugins/com.st.stm32cube.ide.mcu.externaltools.gnu-tools-for-stm32.13.3.rel1.win32_1.0.0.202411081344/tools/bin/../lib/gcc/arm-none-eabi/13.3.1/../../../../arm-none-eabi/lib/thumb/v7e-m+dp/hard\libc_nano.a(libc_a-sbrkr.o)
 .ARM.attributes
                0x000006ca       0x1c C:/ST/STM32CubeIDE_1.19.0/STM32CubeIDE/plugins/com.st.stm32cube.ide.mcu.externaltools.gnu-tools-for-stm32.13.3.rel1.win32_1.0.0.202411081344/tools/bin/../lib/gcc/arm-none-eabi/13.3.1/../../../../arm-none-eabi/lib/thumb/v7e-m+dp/hard\libc_nano.a(libc_a-memchr.o)
 .ARM.attributes
                0x000006e6       0x32 C:/ST/STM32CubeIDE_1.19.0/STM32CubeIDE/plugins/com.st.stm32cube.ide.mcu.externaltools.gnu-tools-for-stm32.13.3.rel1.win32_1.0.0.202411081344/tools/bin/../lib/gcc/arm-none-eabi/13.3.1/../../../../arm-none-eabi/lib/thumb/v7e-m+dp/hard\libc_nano.a(libc_a-memcpy-stub.o)
 .ARM.attributes
                0x00000718       0x32 C:/ST/STM32CubeIDE_1.19.0/STM32CubeIDE/plugins/com.st.stm32cube.ide.mcu.externaltools.gnu-tools-for-stm32.13.3.rel1.win32_1.0.0.202411081344/tools/bin/../lib/gcc/arm-none-eabi/13.3.1/../../../../arm-none-eabi/lib/thumb/v7e-m+dp/hard\libc_nano.a(libc_a-reallocr.o)
 .ARM.attributes
                0x0000074a       0x32 C:/ST/STM32CubeIDE_1.19.0/STM32CubeIDE/plugins/com.st.stm32cube.ide.mcu.externaltools.gnu-tools-for-stm32.13.3.rel1.win32_1.0.0.202411081344/tools/bin/../lib/gcc/arm-none-eabi/13.3.1/../../../../arm-none-eabi/lib/thumb/v7e-m+dp/hard\libc_nano.a(libc_a-msizer.o)
 .ARM.attributes
                0x0000077c       0x20 C:/ST/STM32CubeIDE_1.19.0/STM32CubeIDE/plugins/com.st.stm32cube.ide.mcu.externaltools.gnu-tools-for-stm32.13.3.rel1.win32_1.0.0.202411081344/tools/bin/../lib/gcc/arm-none-eabi/13.3.1/thumb/v7e-m+dp/hard\libgcc.a(_aeabi_uldivmod.o)
 .ARM.attributes
                0x0000079c       0x32 C:/ST/STM32CubeIDE_1.19.0/STM32CubeIDE/plugins/com.st.stm32cube.ide.mcu.externaltools.gnu-tools-for-stm32.13.3.rel1.win32_1.0.0.202411081344/tools/bin/../lib/gcc/arm-none-eabi/13.3.1/thumb/v7e-m+dp/hard\libgcc.a(_udivmoddi4.o)
 .ARM.attributes
                0x000007ce       0x20 C:/ST/STM32CubeIDE_1.19.0/STM32CubeIDE/plugins/com.st.stm32cube.ide.mcu.externaltools.gnu-tools-for-stm32.13.3.rel1.win32_1.0.0.202411081344/tools/bin/../lib/gcc/arm-none-eabi/13.3.1/thumb/v7e-m+dp/hard\libgcc.a(_dvmd_tls.o)
 .ARM.attributes
                0x000007ee       0x20 C:/ST/STM32CubeIDE_1.19.0/STM32CubeIDE/plugins/com.st.stm32cube.ide.mcu.externaltools.gnu-tools-for-stm32.13.3.rel1.win32_1.0.0.202411081344/tools/bin/../lib/gcc/arm-none-eabi/13.3.1/thumb/v7e-m+dp/hard/crtn.o
OUTPUT(EE426_Project2.elf elf32-littlearm)
LOAD linker stubs
LOAD C:/ST/STM32CubeIDE_1.19.0/STM32CubeIDE/plugins/com.st.stm32cube.ide.mcu.externaltools.gnu-tools-for-stm32.13.3.rel1.win32_1.0.0.202411081344/tools/bin/../lib/gcc/arm-none-eabi/13.3.1/../../../../arm-none-eabi/lib/thumb/v7e-m+dp/hard\libc.a
LOAD C:/ST/STM32CubeIDE_1.19.0/STM32CubeIDE/plugins/com.st.stm32cube.ide.mcu.externaltools.gnu-tools-for-stm32.13.3.rel1.win32_1.0.0.202411081344/tools/bin/../lib/gcc/arm-none-eabi/13.3.1/../../../../arm-none-eabi/lib/thumb/v7e-m+dp/hard\libm.a
LOAD C:/ST/STM32CubeIDE_1.19.0/STM32CubeIDE/plugins/com.st.stm32cube.ide.mcu.externaltools.gnu-tools-for-stm32.13.3.rel1.win32_1.0.0.202411081344/tools/bin/../lib/gcc/arm-none-eabi/13.3.1/thumb/v7e-m+dp/hard\libgcc.a

.debug_info     0x00000000    0x11dcb
 .debug_info    0x00000000     0x215a ./Core/Src/main.o
 .debug_info    0x0000215a     0x1bd3 ./Core/Src/stm32f7xx_hal_msp.o
 .debug_info    0x00003d2d      0x112 ./Core/Src/stm32f7xx_it.o
 .debug_info    0x00003e3f      0x168 ./Core/Src/sysmem.o
 .debug_info    0x00003fa7      0x6ed ./Core/Src/system_stm32f7xx.o
 .debug_info    0x00004694       0x30 ./Core/Startup/startup_stm32f767zitx.o
 .debug_info    0x000046c4      0xa4c ./Drivers/STM32F7xx_HAL_Driver/Src/stm32f7xx_hal.o
 .debug_info    0x00005110      0xfc0 ./Drivers/STM32F7xx_HAL_Driver/Src/stm32f7xx_hal_cortex.o
 .debug_info    0x000060d0     0x21b6 ./Drivers/STM32F7xx_HAL_Driver/Src/stm32f7xx_hal_eth.o
 .debug_info    0x00008286      0x6f3 ./Drivers/STM32F7xx_HAL_Driver/Src/stm32f7xx_hal_gpio.o
 .debug_info    0x00008979     0x1599 ./Drivers/STM32F7xx_HAL_Driver/Src/stm32f7xx_hal_pcd.o
 .debug_info    0x00009f12      0x7a3 ./Drivers/STM32F7xx_HAL_Driver/Src/stm32f7xx_hal_pcd_ex.o
 .debug_info    0x0000a6b5      0x90e ./Drivers/STM32F7xx_HAL_Driver/Src/stm32f7xx_hal_pwr.o
 .debug_info    0x0000afc3      0x8cd ./Drivers/STM32F7xx_HAL_Driver/Src/stm32f7xx_hal_pwr_ex.o
 .debug_info    0x0000b890      0x94b ./Drivers/STM32F7xx_HAL_Driver/Src/stm32f7xx_hal_rcc.o
 .debug_info    0x0000c1db      0x6e1 ./Drivers/STM32F7xx_HAL_Driver/Src/stm32f7xx_hal_rcc_ex.o
 .debug_info    0x0000c8bc     0x3b13 ./Drivers/STM32F7xx_HAL_Driver/Src/stm32f7xx_hal_uart.o
 .debug_info    0x000103cf     0x19fc ./Drivers/STM32F7xx_HAL_Driver/Src/stm32f7xx_ll_usb.o

.debug_abbrev   0x00000000     0x250f
 .debug_abbrev  0x00000000      0x333 ./Core/Src/main.o
 .debug_abbrev  0x00000333      0x27d ./Core/Src/stm32f7xx_hal_msp.o
 .debug_abbrev  0x000005b0       0x73 ./Core/Src/stm32f7xx_it.o
 .debug_abbrev  0x00000623       0xbc ./Core/Src/sysmem.o
 .debug_abbrev  0x000006df      0x13b ./Core/Src/system_stm32f7xx.o
 .debug_abbrev  0x0000081a       0x24 ./Core/Startup/startup_stm32f767zitx.o
 .debug_abbrev  0x0000083e      0x213 ./Drivers/STM32F7xx_HAL_Driver/Src/stm32f7xx_hal.o
 .debug_abbrev  0x00000a51      0x31e ./Drivers/STM32F7xx_HAL_Driver/Src/stm32f7xx_hal_cortex.o
 .debug_abbrev  0x00000d6f      0x35a ./Drivers/STM32F7xx_HAL_Driver/Src/stm32f7xx_hal_eth.o
 .debug_abbrev  0x000010c9      0x1d4 ./Drivers/STM32F7xx_HAL_Driver/Src/stm32f7xx_hal_gpio.o
 .debug_abbrev  0x0000129d      0x2ee ./Drivers/STM32F7xx_HAL_Driver/Src/stm32f7xx_hal_pcd.o
 .debug_abbrev  0x0000158b      0x1ca ./Drivers/STM32F7xx_HAL_Driver/Src/stm32f7xx_hal_pcd_ex.o
 .debug_abbrev  0x00001755      0x1c5 ./Drivers/STM32F7xx_HAL_Driver/Src/stm32f7xx_hal_pwr.o
 .debug_abbrev  0x0000191a      0x1d5 ./Drivers/STM32F7xx_HAL_Driver/Src/stm32f7xx_hal_pwr_ex.o
 .debug_abbrev  0x00001aef      0x2de ./Drivers/STM32F7xx_HAL_Driver/Src/stm32f7xx_hal_rcc.o
 .debug_abbrev  0x00001dcd      0x1c9 ./Drivers/STM32F7xx_HAL_Driver/Src/stm32f7xx_hal_rcc_ex.o
 .debug_abbrev  0x00001f96      0x2e6 ./Drivers/STM32F7xx_HAL_Driver/Src/stm32f7xx_hal_uart.o
 .debug_abbrev  0x0000227c      0x293 ./Drivers/STM32F7xx_HAL_Driver/Src/stm32f7xx_ll_usb.o

.debug_aranges  0x00000000      0xd98
 .debug_aranges
                0x00000000       0xa8 ./Core/Src/main.o
 .debug_aranges
                0x000000a8       0x50 ./Core/Src/stm32f7xx_hal_msp.o
 .debug_aranges
                0x000000f8       0x60 ./Core/Src/stm32f7xx_it.o
 .debug_aranges
                0x00000158       0x20 ./Core/Src/sysmem.o
 .debug_aranges
                0x00000178       0x28 ./Core/Src/system_stm32f7xx.o
 .debug_aranges
                0x000001a0       0x28 ./Core/Startup/startup_stm32f767zitx.o
 .debug_aranges
                0x000001c8      0x110 ./Drivers/STM32F7xx_HAL_Driver/Src/stm32f7xx_hal.o
 .debug_aranges
                0x000002d8      0x128 ./Drivers/STM32F7xx_HAL_Driver/Src/stm32f7xx_hal_cortex.o
 .debug_aranges
                0x00000400      0x1e8 ./Drivers/STM32F7xx_HAL_Driver/Src/stm32f7xx_hal_eth.o
 .debug_aranges
                0x000005e8       0x58 ./Drivers/STM32F7xx_HAL_Driver/Src/stm32f7xx_hal_gpio.o
 .debug_aranges
                0x00000640      0x148 ./Drivers/STM32F7xx_HAL_Driver/Src/stm32f7xx_hal_pcd.o
 .debug_aranges
                0x00000788       0x48 ./Drivers/STM32F7xx_HAL_Driver/Src/stm32f7xx_hal_pcd_ex.o
 .debug_aranges
                0x000007d0       0xa0 ./Drivers/STM32F7xx_HAL_Driver/Src/stm32f7xx_hal_pwr.o
 .debug_aranges
                0x00000870       0x80 ./Drivers/STM32F7xx_HAL_Driver/Src/stm32f7xx_hal_pwr_ex.o
 .debug_aranges
                0x000008f0       0x88 ./Drivers/STM32F7xx_HAL_Driver/Src/stm32f7xx_hal_rcc.o
 .debug_aranges
                0x00000978       0x50 ./Drivers/STM32F7xx_HAL_Driver/Src/stm32f7xx_hal_rcc_ex.o
 .debug_aranges
                0x000009c8      0x230 ./Drivers/STM32F7xx_HAL_Driver/Src/stm32f7xx_hal_uart.o
 .debug_aranges
                0x00000bf8      0x1a0 ./Drivers/STM32F7xx_HAL_Driver/Src/stm32f7xx_ll_usb.o

.debug_rnglists
                0x00000000      0xa70
 .debug_rnglists
                0x00000000       0x81 ./Core/Src/main.o
 .debug_rnglists
                0x00000081       0x3a ./Core/Src/stm32f7xx_hal_msp.o
 .debug_rnglists
                0x000000bb       0x43 ./Core/Src/stm32f7xx_it.o
 .debug_rnglists
                0x000000fe       0x13 ./Core/Src/sysmem.o
 .debug_rnglists
                0x00000111       0x1a ./Core/Src/system_stm32f7xx.o
 .debug_rnglists
                0x0000012b       0x19 ./Core/Startup/startup_stm32f767zitx.o
 .debug_rnglists
                0x00000144       0xc7 ./Drivers/STM32F7xx_HAL_Driver/Src/stm32f7xx_hal.o
 .debug_rnglists
                0x0000020b       0xda ./Drivers/STM32F7xx_HAL_Driver/Src/stm32f7xx_hal_cortex.o
 .debug_rnglists
                0x000002e5      0x183 ./Drivers/STM32F7xx_HAL_Driver/Src/stm32f7xx_hal_eth.o
 .debug_rnglists
                0x00000468       0x3f ./Drivers/STM32F7xx_HAL_Driver/Src/stm32f7xx_hal_gpio.o
 .debug_rnglists
                0x000004a7       0xfa ./Drivers/STM32F7xx_HAL_Driver/Src/stm32f7xx_hal_pcd.o
 .debug_rnglists
                0x000005a1       0x32 ./Drivers/STM32F7xx_HAL_Driver/Src/stm32f7xx_hal_pcd_ex.o
 .debug_rnglists
                0x000005d3       0x74 ./Drivers/STM32F7xx_HAL_Driver/Src/stm32f7xx_hal_pwr.o
 .debug_rnglists
                0x00000647       0x5f ./Drivers/STM32F7xx_HAL_Driver/Src/stm32f7xx_hal_pwr_ex.o
 .debug_rnglists
                0x000006a6       0x67 ./Drivers/STM32F7xx_HAL_Driver/Src/stm32f7xx_hal_rcc.o
 .debug_rnglists
                0x0000070d       0x3c ./Drivers/STM32F7xx_HAL_Driver/Src/stm32f7xx_hal_rcc_ex.o
 .debug_rnglists
                0x00000749      0x1e0 ./Drivers/STM32F7xx_HAL_Driver/Src/stm32f7xx_hal_uart.o
 .debug_rnglists
                0x00000929      0x147 ./Drivers/STM32F7xx_HAL_Driver/Src/stm32f7xx_ll_usb.o

.debug_macro    0x00000000    0x28a35
 .debug_macro   0x00000000      0x350 ./Core/Src/main.o
 .debug_macro   0x00000350      0xaf0 ./Core/Src/main.o
 .debug_macro   0x00000e40      0x299 ./Core/Src/main.o
 .debug_macro   0x000010d9       0x2e ./Core/Src/main.o
 .debug_macro   0x00001107       0x3b ./Core/Src/main.o
 .debug_macro   0x00001142       0x22 ./Core/Src/main.o
 .debug_macro   0x00001164       0x8e ./Core/Src/main.o
 .debug_macro   0x000011f2       0x51 ./Core/Src/main.o
 .debug_macro   0x00001243      0x103 ./Core/Src/main.o
 .debug_macro   0x00001346       0x6a ./Core/Src/main.o
 .debug_macro   0x000013b0      0x1df ./Core/Src/main.o
 .debug_macro   0x0000158f       0x1c ./Core/Src/main.o
 .debug_macro   0x000015ab       0x22 ./Core/Src/main.o
 .debug_macro   0x000015cd       0xd9 ./Core/Src/main.o
 .debug_macro   0x000016a6     0x12cd ./Core/Src/main.o
 .debug_macro   0x00002973      0x11f ./Core/Src/main.o
 .debug_macro   0x00002a92       0x19 ./Core/Src/main.o
 .debug_macro   0x00002aab    0x1aa23 ./Core/Src/main.o
 .debug_macro   0x0001d4ce       0x6d ./Core/Src/main.o
 .debug_macro   0x0001d53b     0x375e ./Core/Src/main.o
 .debug_macro   0x00020c99      0x190 ./Core/Src/main.o
 .debug_macro   0x00020e29       0x63 ./Core/Src/main.o
 .debug_macro   0x00020e8c     0x1add ./Core/Src/main.o
 .debug_macro   0x00022969      0x6c4 ./Core/Src/main.o
 .debug_macro   0x0002302d      0x18b ./Core/Src/main.o
 .debug_macro   0x000231b8      0x115 ./Core/Src/main.o
 .debug_macro   0x000232cd      0x26e ./Core/Src/main.o
 .debug_macro   0x0002353b       0xa5 ./Core/Src/main.o
 .debug_macro   0x000235e0      0x24f ./Core/Src/main.o
 .debug_macro   0x0002382f       0x71 ./Core/Src/main.o
 .debug_macro   0x000238a0       0x58 ./Core/Src/main.o
 .debug_macro   0x000238f8      0x236 ./Core/Src/main.o
 .debug_macro   0x00023b2e      0xb99 ./Core/Src/main.o
 .debug_macro   0x000246c7      0x14e ./Core/Src/main.o
 .debug_macro   0x00024815      0x3db ./Core/Src/main.o
 .debug_macro   0x00024bf0       0x12 ./Core/Src/main.o
 .debug_macro   0x00024c02      0x22c ./Core/Src/main.o
 .debug_macro   0x00024e2e       0x61 ./Core/Src/main.o
 .debug_macro   0x00024e8f       0xa5 ./Core/Src/main.o
 .debug_macro   0x00024f34      0x12e ./Core/Src/main.o
 .debug_macro   0x00025062      0x108 ./Core/Src/main.o
 .debug_macro   0x0002516a       0x35 ./Core/Src/main.o
 .debug_macro   0x0002519f      0x5ba ./Core/Src/main.o
 .debug_macro   0x00025759       0x44 ./Core/Src/main.o
 .debug_macro   0x0002579d      0x2cb ./Core/Src/main.o
 .debug_macro   0x00025a68       0xba ./Core/Src/main.o
 .debug_macro   0x00025b22      0x15b ./Core/Src/main.o
 .debug_macro   0x00025c7d      0x13c ./Core/Src/main.o
 .debug_macro   0x00025db9       0x61 ./Core/Src/main.o
 .debug_macro   0x00025e1a       0x29 ./Core/Src/main.o
 .debug_macro   0x00025e43       0x43 ./Core/Src/main.o
 .debug_macro   0x00025e86       0x34 ./Core/Src/main.o
 .debug_macro   0x00025eba      0x370 ./Core/Src/main.o
 .debug_macro   0x0002622a       0x16 ./Core/Src/main.o
 .debug_macro   0x00026240       0x4a ./Core/Src/main.o
 .debug_macro   0x0002628a       0x34 ./Core/Src/main.o
 .debug_macro   0x000262be       0x10 ./Core/Src/main.o
 .debug_macro   0x000262ce       0x58 ./Core/Src/main.o
 .debug_macro   0x00026326       0x8e ./Core/Src/main.o
 .debug_macro   0x000263b4       0x1c ./Core/Src/main.o
 .debug_macro   0x000263d0      0x185 ./Core/Src/main.o
 .debug_macro   0x00026555       0x10 ./Core/Src/main.o
 .debug_macro   0x00026565       0x3c ./Core/Src/main.o
 .debug_macro   0x000265a1       0x20 ./Core/Src/main.o
 .debug_macro   0x000265c1       0x1c ./Core/Src/main.o
 .debug_macro   0x000265dd       0x10 ./Core/Src/main.o
 .debug_macro   0x000265ed       0x1c ./Core/Src/main.o
 .debug_macro   0x00026609       0x16 ./Core/Src/main.o
 .debug_macro   0x0002661f      0x146 ./Core/Src/main.o
 .debug_macro   0x00026765      0x20c ./Core/Src/stm32f7xx_hal_msp.o
 .debug_macro   0x00026971      0x216 ./Core/Src/stm32f7xx_it.o
 .debug_macro   0x00026b87      0x112 ./Core/Src/sysmem.o
 .debug_macro   0x00026c99      0x23c ./Core/Src/sysmem.o
 .debug_macro   0x00026ed5      0x1fd ./Core/Src/system_stm32f7xx.o
 .debug_macro   0x000270d2      0x221 ./Drivers/STM32F7xx_HAL_Driver/Src/stm32f7xx_hal.o
 .debug_macro   0x000272f3      0x1fd ./Drivers/STM32F7xx_HAL_Driver/Src/stm32f7xx_hal_cortex.o
 .debug_macro   0x000274f0      0x2d7 ./Drivers/STM32F7xx_HAL_Driver/Src/stm32f7xx_hal_eth.o
 .debug_macro   0x000277c7      0x203 ./Drivers/STM32F7xx_HAL_Driver/Src/stm32f7xx_hal_gpio.o
 .debug_macro   0x000279ca      0x209 ./Drivers/STM32F7xx_HAL_Driver/Src/stm32f7xx_hal_pcd.o
 .debug_macro   0x00027bd3      0x1fd ./Drivers/STM32F7xx_HAL_Driver/Src/stm32f7xx_hal_pcd_ex.o
 .debug_macro   0x00027dd0      0x21b ./Drivers/STM32F7xx_HAL_Driver/Src/stm32f7xx_hal_pwr.o
 .debug_macro   0x00027feb      0x215 ./Drivers/STM32F7xx_HAL_Driver/Src/stm32f7xx_hal_pwr_ex.o
 .debug_macro   0x00028200      0x221 ./Drivers/STM32F7xx_HAL_Driver/Src/stm32f7xx_hal_rcc.o
 .debug_macro   0x00028421      0x1fd ./Drivers/STM32F7xx_HAL_Driver/Src/stm32f7xx_hal_rcc_ex.o
 .debug_macro   0x0002861e      0x21a ./Drivers/STM32F7xx_HAL_Driver/Src/stm32f7xx_hal_uart.o
 .debug_macro   0x00028838      0x1fd ./Drivers/STM32F7xx_HAL_Driver/Src/stm32f7xx_ll_usb.o

.debug_line     0x00000000    0x108f8
 .debug_line    0x00000000      0xe1c ./Core/Src/main.o
 .debug_line    0x00000e1c      0x93f ./Core/Src/stm32f7xx_hal_msp.o
 .debug_line    0x0000175b      0x84d ./Core/Src/stm32f7xx_it.o
 .debug_line    0x00001fa8      0x588 ./Core/Src/sysmem.o
 .debug_line    0x00002530      0x812 ./Core/Src/system_stm32f7xx.o
 .debug_line    0x00002d42       0x7a ./Core/Startup/startup_stm32f767zitx.o
 .debug_line    0x00002dbc      0xaf5 ./Drivers/STM32F7xx_HAL_Driver/Src/stm32f7xx_hal.o
 .debug_line    0x000038b1      0xd45 ./Drivers/STM32F7xx_HAL_Driver/Src/stm32f7xx_hal_cortex.o
 .debug_line    0x000045f6     0x1aa5 ./Drivers/STM32F7xx_HAL_Driver/Src/stm32f7xx_hal_eth.o
 .debug_line    0x0000609b      0xc1f ./Drivers/STM32F7xx_HAL_Driver/Src/stm32f7xx_hal_gpio.o
 .debug_line    0x00006cba     0x1499 ./Drivers/STM32F7xx_HAL_Driver/Src/stm32f7xx_hal_pcd.o
 .debug_line    0x00008153      0x8b0 ./Drivers/STM32F7xx_HAL_Driver/Src/stm32f7xx_hal_pcd_ex.o
 .debug_line    0x00008a03      0x9c5 ./Drivers/STM32F7xx_HAL_Driver/Src/stm32f7xx_hal_pwr.o
 .debug_line    0x000093c8      0xa95 ./Drivers/STM32F7xx_HAL_Driver/Src/stm32f7xx_hal_pwr_ex.o
 .debug_line    0x00009e5d      0xffc ./Drivers/STM32F7xx_HAL_Driver/Src/stm32f7xx_hal_rcc.o
 .debug_line    0x0000ae59      0xf48 ./Drivers/STM32F7xx_HAL_Driver/Src/stm32f7xx_hal_rcc_ex.o
 .debug_line    0x0000bda1     0x2db1 ./Drivers/STM32F7xx_HAL_Driver/Src/stm32f7xx_hal_uart.o
 .debug_line    0x0000eb52     0x1da6 ./Drivers/STM32F7xx_HAL_Driver/Src/stm32f7xx_ll_usb.o

.debug_str      0x00000000    0xf9cef
 .debug_str     0x00000000    0xf9cef ./Core/Src/main.o
                              0xf5aa2 (size before relaxing)
 .debug_str     0x000f9cef    0xf1f8e ./Core/Src/stm32f7xx_hal_msp.o
 .debug_str     0x000f9cef    0xf0d80 ./Core/Src/stm32f7xx_it.o
 .debug_str     0x000f9cef     0x77c8 ./Core/Src/sysmem.o
 .debug_str     0x000f9cef    0xf0aa8 ./Core/Src/system_stm32f7xx.o
 .debug_str     0x000f9cef       0x81 ./Core/Startup/startup_stm32f767zitx.o
 .debug_str     0x000f9cef    0xf14e8 ./Drivers/STM32F7xx_HAL_Driver/Src/stm32f7xx_hal.o
 .debug_str     0x000f9cef    0xf14ca ./Drivers/STM32F7xx_HAL_Driver/Src/stm32f7xx_hal_cortex.o
 .debug_str     0x000f9cef    0xf22e4 ./Drivers/STM32F7xx_HAL_Driver/Src/stm32f7xx_hal_eth.o
 .debug_str     0x000f9cef    0xf0b66 ./Drivers/STM32F7xx_HAL_Driver/Src/stm32f7xx_hal_gpio.o
 .debug_str     0x000f9cef    0xf14e1 ./Drivers/STM32F7xx_HAL_Driver/Src/stm32f7xx_hal_pcd.o
 .debug_str     0x000f9cef    0xf0de3 ./Drivers/STM32F7xx_HAL_Driver/Src/stm32f7xx_hal_pcd_ex.o
 .debug_str     0x000f9cef    0xf0d49 ./Drivers/STM32F7xx_HAL_Driver/Src/stm32f7xx_hal_pwr.o
 .debug_str     0x000f9cef    0xf0d17 ./Drivers/STM32F7xx_HAL_Driver/Src/stm32f7xx_hal_pwr_ex.o
 .debug_str     0x000f9cef    0xf0e23 ./Drivers/STM32F7xx_HAL_Driver/Src/stm32f7xx_hal_rcc.o
 .debug_str     0x000f9cef    0xf0d86 ./Drivers/STM32F7xx_HAL_Driver/Src/stm32f7xx_hal_rcc_ex.o
 .debug_str     0x000f9cef    0xf1771 ./Drivers/STM32F7xx_HAL_Driver/Src/stm32f7xx_hal_uart.o
 .debug_str     0x000f9cef    0xf13be ./Drivers/STM32F7xx_HAL_Driver/Src/stm32f7xx_ll_usb.o

.comment        0x00000000       0x43
 .comment       0x00000000       0x43 ./Core/Src/main.o
                                 0x44 (size before relaxing)
 .comment       0x00000043       0x44 ./Core/Src/stm32f7xx_hal_msp.o
 .comment       0x00000043       0x44 ./Core/Src/stm32f7xx_it.o
 .comment       0x00000043       0x44 ./Core/Src/sysmem.o
 .comment       0x00000043       0x44 ./Core/Src/system_stm32f7xx.o
 .comment       0x00000043       0x44 ./Drivers/STM32F7xx_HAL_Driver/Src/stm32f7xx_hal.o
 .comment       0x00000043       0x44 ./Drivers/STM32F7xx_HAL_Driver/Src/stm32f7xx_hal_cortex.o
 .comment       0x00000043       0x44 ./Drivers/STM32F7xx_HAL_Driver/Src/stm32f7xx_hal_eth.o
 .comment       0x00000043       0x44 ./Drivers/STM32F7xx_HAL_Driver/Src/stm32f7xx_hal_gpio.o
 .comment       0x00000043       0x44 ./Drivers/STM32F7xx_HAL_Driver/Src/stm32f7xx_hal_pcd.o
 .comment       0x00000043       0x44 ./Drivers/STM32F7xx_HAL_Driver/Src/stm32f7xx_hal_pcd_ex.o
 .comment       0x00000043       0x44 ./Drivers/STM32F7xx_HAL_Driver/Src/stm32f7xx_hal_pwr.o
 .comment       0x00000043       0x44 ./Drivers/STM32F7xx_HAL_Driver/Src/stm32f7xx_hal_pwr_ex.o
 .comment       0x00000043       0x44 ./Drivers/STM32F7xx_HAL_Driver/Src/stm32f7xx_hal_rcc.o
 .comment       0x00000043       0x44 ./Drivers/STM32F7xx_HAL_Driver/Src/stm32f7xx_hal_rcc_ex.o
 .comment       0x00000043       0x44 ./Drivers/STM32F7xx_HAL_Driver/Src/stm32f7xx_hal_uart.o
 .comment       0x00000043       0x44 ./Drivers/STM32F7xx_HAL_Driver/Src/stm32f7xx_ll_usb.o

.debug_frame    0x00000000     0x3da0
 .debug_frame   0x00000000      0x268 ./Core/Src/main.o
 .debug_frame   0x00000268      0x118 ./Core/Src/stm32f7xx_hal_msp.o
 .debug_frame   0x00000380      0x104 ./Core/Src/stm32f7xx_it.o
 .debug_frame   0x00000484       0x34 ./Core/Src/sysmem.o
 .debug_frame   0x000004b8       0x58 ./Core/Src/system_stm32f7xx.o
 .debug_frame   0x00000510      0x3f4 ./Drivers/STM32F7xx_HAL_Driver/Src/stm32f7xx_hal.o
 .debug_frame   0x00000904      0x4e8 ./Drivers/STM32F7xx_HAL_Driver/Src/stm32f7xx_hal_cortex.o
 .debug_frame   0x00000dec      0x8c0 ./Drivers/STM32F7xx_HAL_Driver/Src/stm32f7xx_hal_eth.o
 .debug_frame   0x000016ac      0x14c ./Drivers/STM32F7xx_HAL_Driver/Src/stm32f7xx_hal_gpio.o
 .debug_frame   0x000017f8      0x5b8 ./Drivers/STM32F7xx_HAL_Driver/Src/stm32f7xx_hal_pcd.o
 .debug_frame   0x00001db0      0x100 ./Drivers/STM32F7xx_HAL_Driver/Src/stm32f7xx_hal_pcd_ex.o
 .debug_frame   0x00001eb0      0x254 ./Drivers/STM32F7xx_HAL_Driver/Src/stm32f7xx_hal_pwr.o
 .debug_frame   0x00002104      0x1c8 ./Drivers/STM32F7xx_HAL_Driver/Src/stm32f7xx_hal_pwr_ex.o
 .debug_frame   0x000022cc      0x1f8 ./Drivers/STM32F7xx_HAL_Driver/Src/stm32f7xx_hal_rcc.o
 .debug_frame   0x000024c4      0x118 ./Drivers/STM32F7xx_HAL_Driver/Src/stm32f7xx_hal_rcc_ex.o
 .debug_frame   0x000025dc      0xa10 ./Drivers/STM32F7xx_HAL_Driver/Src/stm32f7xx_hal_uart.o
 .debug_frame   0x00002fec      0x7c0 ./Drivers/STM32F7xx_HAL_Driver/Src/stm32f7xx_ll_usb.o
 .debug_frame   0x000037ac      0x144 C:/ST/STM32CubeIDE_1.19.0/STM32CubeIDE/plugins/com.st.stm32cube.ide.mcu.externaltools.gnu-tools-for-stm32.13.3.rel1.win32_1.0.0.202411081344/tools/bin/../lib/gcc/arm-none-eabi/13.3.1/../../../../arm-none-eabi/lib/thumb/v7e-m+dp/hard\libc_nano.a(libc_a-findfp.o)
 .debug_frame   0x000038f0       0x7c C:/ST/STM32CubeIDE_1.19.0/STM32CubeIDE/plugins/com.st.stm32cube.ide.mcu.externaltools.gnu-tools-for-stm32.13.3.rel1.win32_1.0.0.202411081344/tools/bin/../lib/gcc/arm-none-eabi/13.3.1/../../../../arm-none-eabi/lib/thumb/v7e-m+dp/hard\libc_nano.a(libc_a-snprintf.o)
 .debug_frame   0x0000396c       0x20 C:/ST/STM32CubeIDE_1.19.0/STM32CubeIDE/plugins/com.st.stm32cube.ide.mcu.externaltools.gnu-tools-for-stm32.13.3.rel1.win32_1.0.0.202411081344/tools/bin/../lib/gcc/arm-none-eabi/13.3.1/../../../../arm-none-eabi/lib/thumb/v7e-m+dp/hard\libc_nano.a(libc_a-memset.o)
 .debug_frame   0x0000398c       0x38 C:/ST/STM32CubeIDE_1.19.0/STM32CubeIDE/plugins/com.st.stm32cube.ide.mcu.externaltools.gnu-tools-for-stm32.13.3.rel1.win32_1.0.0.202411081344/tools/bin/../lib/gcc/arm-none-eabi/13.3.1/../../../../arm-none-eabi/lib/thumb/v7e-m+dp/hard\libc_nano.a(libc_a-reent.o)
 .debug_frame   0x000039c4       0x20 C:/ST/STM32CubeIDE_1.19.0/STM32CubeIDE/plugins/com.st.stm32cube.ide.mcu.externaltools.gnu-tools-for-stm32.13.3.rel1.win32_1.0.0.202411081344/tools/bin/../lib/gcc/arm-none-eabi/13.3.1/../../../../arm-none-eabi/lib/thumb/v7e-m+dp/hard\libc_nano.a(libc_a-errno.o)
 .debug_frame   0x000039e4       0x2c C:/ST/STM32CubeIDE_1.19.0/STM32CubeIDE/plugins/com.st.stm32cube.ide.mcu.externaltools.gnu-tools-for-stm32.13.3.rel1.win32_1.0.0.202411081344/tools/bin/../lib/gcc/arm-none-eabi/13.3.1/../../../../arm-none-eabi/lib/thumb/v7e-m+dp/hard\libc_nano.a(libc_a-init.o)
 .debug_frame   0x00003a10       0xb0 C:/ST/STM32CubeIDE_1.19.0/STM32CubeIDE/plugins/com.st.stm32cube.ide.mcu.externaltools.gnu-tools-for-stm32.13.3.rel1.win32_1.0.0.202411081344/tools/bin/../lib/gcc/arm-none-eabi/13.3.1/../../../../arm-none-eabi/lib/thumb/v7e-m+dp/hard\libc_nano.a(libc_a-lock.o)
 .debug_frame   0x00003ac0       0x38 C:/ST/STM32CubeIDE_1.19.0/STM32CubeIDE/plugins/com.st.stm32cube.ide.mcu.externaltools.gnu-tools-for-stm32.13.3.rel1.win32_1.0.0.202411081344/tools/bin/../lib/gcc/arm-none-eabi/13.3.1/../../../../arm-none-eabi/lib/thumb/v7e-m+dp/hard\libc_nano.a(libc_a-freer.o)
 .debug_frame   0x00003af8       0x50 C:/ST/STM32CubeIDE_1.19.0/STM32CubeIDE/plugins/com.st.stm32cube.ide.mcu.externaltools.gnu-tools-for-stm32.13.3.rel1.win32_1.0.0.202411081344/tools/bin/../lib/gcc/arm-none-eabi/13.3.1/../../../../arm-none-eabi/lib/thumb/v7e-m+dp/hard\libc_nano.a(libc_a-mallocr.o)
 .debug_frame   0x00003b48       0x30 C:/ST/STM32CubeIDE_1.19.0/STM32CubeIDE/plugins/com.st.stm32cube.ide.mcu.externaltools.gnu-tools-for-stm32.13.3.rel1.win32_1.0.0.202411081344/tools/bin/../lib/gcc/arm-none-eabi/13.3.1/../../../../arm-none-eabi/lib/thumb/v7e-m+dp/hard\libc_nano.a(libc_a-mlock.o)
 .debug_frame   0x00003b78       0x90 C:/ST/STM32CubeIDE_1.19.0/STM32CubeIDE/plugins/com.st.stm32cube.ide.mcu.externaltools.gnu-tools-for-stm32.13.3.rel1.win32_1.0.0.202411081344/tools/bin/../lib/gcc/arm-none-eabi/13.3.1/../../../../arm-none-eabi/lib/thumb/v7e-m+dp/hard\libc_nano.a(libc_a-nano-svfprintf.o)
 .debug_frame   0x00003c08       0x60 C:/ST/STM32CubeIDE_1.19.0/STM32CubeIDE/plugins/com.st.stm32cube.ide.mcu.externaltools.gnu-tools-for-stm32.13.3.rel1.win32_1.0.0.202411081344/tools/bin/../lib/gcc/arm-none-eabi/13.3.1/../../../../arm-none-eabi/lib/thumb/v7e-m+dp/hard\libc_nano.a(libc_a-nano-vfprintf_i.o)
 .debug_frame   0x00003c68       0x28 C:/ST/STM32CubeIDE_1.19.0/STM32CubeIDE/plugins/com.st.stm32cube.ide.mcu.externaltools.gnu-tools-for-stm32.13.3.rel1.win32_1.0.0.202411081344/tools/bin/../lib/gcc/arm-none-eabi/13.3.1/../../../../arm-none-eabi/lib/thumb/v7e-m+dp/hard\libc_nano.a(libc_a-memmove.o)
 .debug_frame   0x00003c90       0x2c C:/ST/STM32CubeIDE_1.19.0/STM32CubeIDE/plugins/com.st.stm32cube.ide.mcu.externaltools.gnu-tools-for-stm32.13.3.rel1.win32_1.0.0.202411081344/tools/bin/../lib/gcc/arm-none-eabi/13.3.1/../../../../arm-none-eabi/lib/thumb/v7e-m+dp/hard\libc_nano.a(libc_a-sbrkr.o)
 .debug_frame   0x00003cbc       0x28 C:/ST/STM32CubeIDE_1.19.0/STM32CubeIDE/plugins/com.st.stm32cube.ide.mcu.externaltools.gnu-tools-for-stm32.13.3.rel1.win32_1.0.0.202411081344/tools/bin/../lib/gcc/arm-none-eabi/13.3.1/../../../../arm-none-eabi/lib/thumb/v7e-m+dp/hard\libc_nano.a(libc_a-memcpy-stub.o)
 .debug_frame   0x00003ce4       0x3c C:/ST/STM32CubeIDE_1.19.0/STM32CubeIDE/plugins/com.st.stm32cube.ide.mcu.externaltools.gnu-tools-for-stm32.13.3.rel1.win32_1.0.0.202411081344/tools/bin/../lib/gcc/arm-none-eabi/13.3.1/../../../../arm-none-eabi/lib/thumb/v7e-m+dp/hard\libc_nano.a(libc_a-reallocr.o)
 .debug_frame   0x00003d20       0x20 C:/ST/STM32CubeIDE_1.19.0/STM32CubeIDE/plugins/com.st.stm32cube.ide.mcu.externaltools.gnu-tools-for-stm32.13.3.rel1.win32_1.0.0.202411081344/tools/bin/../lib/gcc/arm-none-eabi/13.3.1/../../../../arm-none-eabi/lib/thumb/v7e-m+dp/hard\libc_nano.a(libc_a-msizer.o)
 .debug_frame   0x00003d40       0x2c C:/ST/STM32CubeIDE_1.19.0/STM32CubeIDE/plugins/com.st.stm32cube.ide.mcu.externaltools.gnu-tools-for-stm32.13.3.rel1.win32_1.0.0.202411081344/tools/bin/../lib/gcc/arm-none-eabi/13.3.1/thumb/v7e-m+dp/hard\libgcc.a(_aeabi_uldivmod.o)
 .debug_frame   0x00003d6c       0x34 C:/ST/STM32CubeIDE_1.19.0/STM32CubeIDE/plugins/com.st.stm32cube.ide.mcu.externaltools.gnu-tools-for-stm32.13.3.rel1.win32_1.0.0.202411081344/tools/bin/../lib/gcc/arm-none-eabi/13.3.1/thumb/v7e-m+dp/hard\libgcc.a(_udivmoddi4.o)

.debug_line_str
                0x00000000       0x65
 .debug_line_str
                0x00000000       0x65 ./Core/Startup/startup_stm32f767zitx.o
