../Core/Src/main.c:160:5:main	10
../Core/Src/main.c:285:6:SystemClock_Config	4
../Core/Src/main.c:343:13:MX_ETH_Init	2
../Core/Src/main.c:392:13:MX_USART6_UART_Init	2
../Core/Src/main.c:427:13:MX_USART3_UART_Init	2
../Core/Src/main.c:462:13:MX_USB_OTG_FS_PCD_Init	2
../Core/Src/main.c:497:13:MX_GPIO_Init	1
../Core/Src/main.c:574:13:Fingerprint_Announce	1
../Core/Src/main.c:579:13:Fingerprint_RunConnectivityTest	7
../Core/Src/main.c:626:26:Fingerprint_SendCommand	11
../Core/Src/main.c:698:26:Fingerprint_VerifyPassword	2
../Core/Src/main.c:712:26:Fingerprint_GetImage	3
../Core/Src/main.c:729:26:Fingerprint_Image2Tz	2
../Core/Src/main.c:741:26:Fingerprint_Search	5
../Core/Src/main.c:776:26:Fingerprint_CaptureAndSearch	5
../Core/Src/main.c:801:17:Fingerprint_GetMaxConfiguredPageId	3
../Core/Src/main.c:815:13:Fingerprint_HasUserButtonPressed	3
../Core/Src/main.c:828:13:Fingerprint_ResetEnrollmentCancellation	1
../Core/Src/main.c:833:13:Fingerprint_IsEnrollmentCancelled	3
../Core/Src/main.c:849:13:Fingerprint_RequestEnrollmentCancellation	1
../Core/Src/main.c:854:26:Fingerprint_WaitForNoFinger	6
../Core/Src/main.c:885:13:Fingerprint_EnrollDatabase	8
../Core/Src/main.c:941:13:Fingerprint_PromptStartupEnrollment	2
../Core/Src/main.c:959:26:Fingerprint_Enroll	14
../Core/Src/main.c:1039:13:Fingerprint_ReportMatch	3
../Core/Src/main.c:1062:13:Fingerprint_HandleNoMatch	2
../Core/Src/main.c:1076:13:Fingerprint_HandleNoFinger	1
../Core/Src/main.c:1082:13:Fingerprint_HandleCommunicationFault	1
../Core/Src/main.c:1093:6:Error_Handler	1
