../Core/Src/main.c:128:5:main	4
../Core/Src/main.c:199:6:SystemClock_Config	4
../Core/Src/main.c:257:13:MX_ETH_Init	2
../Core/Src/main.c:306:13:MX_USART3_UART_Init	2
../Core/Src/main.c:341:13:MX_USART6_UART_Init	2
../Core/Src/main.c:376:13:MX_USB_OTG_FS_PCD_Init	2
../Core/Src/main.c:411:13:MX_GPIO_Init	1
../Core/Src/main.c:465:13:Fingerprint_Announce	1
../Core/Src/main.c:470:26:Fingerprint_SendCommand	8
../Core/Src/main.c:539:26:Fingerprint_VerifyPassword	2
../Core/Src/main.c:552:26:Fingerprint_GetImage	3
../Core/Src/main.c:568:26:Fingerprint_Image2Tz	2
../Core/Src/main.c:579:26:Fingerprint_Search	4
../Core/Src/main.c:603:26:Fingerprint_CaptureAndSearch	3
../Core/Src/main.c:619:26:Fingerprint_Enroll	8
../Core/Src/main.c:671:13:Fingerprint_ReportMatch	3
../Core/Src/main.c:691:13:Fingerprint_HandleNoMatch	1
../Core/Src/main.c:704:6:Error_Handler	1
