../Core/Src/main.c:128:5:main	16	static
../Core/Src/main.c:199:6:SystemClock_Config	88	static
../Core/Src/main.c:257:13:MX_ETH_Init	8	static
../Core/Src/main.c:306:13:MX_USART3_UART_Init	8	static
../Core/Src/main.c:341:13:MX_USART6_UART_Init	8	static
../Core/Src/main.c:376:13:MX_USB_OTG_FS_PCD_Init	8	static
../Core/Src/main.c:411:13:MX_GPIO_Init	56	static
../Core/Src/main.c:465:13:Fingerprint_Announce	16	static
../Core/Src/main.c:470:26:Fingerprint_SendCommand	40	static
../Core/Src/main.c:539:26:Fingerprint_VerifyPassword	32	static
../Core/Src/main.c:552:26:Fingerprint_GetImage	24	static
../Core/Src/main.c:568:26:Fingerprint_Image2Tz	32	static
../Core/Src/main.c:579:26:Fingerprint_Search	40	static
../Core/Src/main.c:603:26:Fingerprint_CaptureAndSearch	24	static
../Core/Src/main.c:619:26:Fingerprint_Enroll	112	static
../Core/Src/main.c:671:13:Fingerprint_ReportMatch	128	static
../Core/Src/main.c:691:13:Fingerprint_HandleNoMatch	8	static
../Core/Src/main.c:704:6:Error_Handler	4	static,ignoring_inline_asm
