../Core/Src/main.c:160:5:main	24	static
../Core/Src/main.c:285:6:SystemClock_Config	88	static
../Core/Src/main.c:343:13:MX_ETH_Init	8	static
../Core/Src/main.c:392:13:MX_USART6_UART_Init	8	static
../Core/Src/main.c:427:13:MX_USART3_UART_Init	8	static
../Core/Src/main.c:462:13:MX_USB_OTG_FS_PCD_Init	8	static
../Core/Src/main.c:497:13:MX_GPIO_Init	56	static
../Core/Src/main.c:574:13:Fingerprint_Announce	16	static
../Core/Src/main.c:579:13:Fingerprint_RunConnectivityTest	392	static
../Core/Src/main.c:626:26:Fingerprint_SendCommand	40	static
../Core/Src/main.c:698:26:Fingerprint_VerifyPassword	32	static
../Core/Src/main.c:712:26:Fingerprint_GetImage	24	static
../Core/Src/main.c:729:26:Fingerprint_Image2Tz	32	static
../Core/Src/main.c:741:26:Fingerprint_Search	40	static
../Core/Src/main.c:776:26:Fingerprint_CaptureAndSearch	24	static
../Core/Src/main.c:801:17:Fingerprint_GetMaxConfiguredPageId	16	static
../Core/Src/main.c:815:13:Fingerprint_HasUserButtonPressed	16	static
../Core/Src/main.c:828:13:Fingerprint_ResetEnrollmentCancellation	4	static
../Core/Src/main.c:833:13:Fingerprint_IsEnrollmentCancelled	8	static
../Core/Src/main.c:849:13:Fingerprint_RequestEnrollmentCancellation	4	static
../Core/Src/main.c:854:26:Fingerprint_WaitForNoFinger	24	static
../Core/Src/main.c:885:13:Fingerprint_EnrollDatabase	128	static
../Core/Src/main.c:941:13:Fingerprint_PromptStartupEnrollment	8	static
../Core/Src/main.c:959:26:Fingerprint_Enroll	112	static
../Core/Src/main.c:1039:13:Fingerprint_ReportMatch	128	static
../Core/Src/main.c:1062:13:Fingerprint_HandleNoMatch	8	static
../Core/Src/main.c:1076:13:Fingerprint_HandleNoFinger	4	static
../Core/Src/main.c:1082:13:Fingerprint_HandleCommunicationFault	16	static
../Core/Src/main.c:1093:6:Error_Handler	4	static,ignoring_inline_asm
